// Vitest Snapshot v1, https://vitest.dev/guide/snapshot.html

exports[`rule docs heading snapshots > keeps canonical rule docs heading matrix stable 1`] = `
[
  {
    "packageLabel": "ts-extras",
    "ruleId": "prefer-ts-extras-array-at",
    "sectionHeadings": [
      "Targeted pattern scope",
      "What this rule reports",
      "Why this rule exists",
      "❌ Incorrect",
      "✅ Correct",
      "Behavior and migration notes",
      "Additional examples",
      "ESLint flat config example",
      "When not to use it",
      "Package documentation",
      "Further reading",
      "Adoption resources",
    ],
  },
  {
    "packageLabel": "ts-extras",
    "ruleId": "prefer-ts-extras-array-concat",
    "sectionHeadings": [
      "Targeted pattern scope",
      "What this rule reports",
      "Why this rule exists",
      "❌ Incorrect",
      "✅ Correct",
      "Behavior and migration notes",
      "Additional examples",
      "ESLint flat config example",
      "When not to use it",
      "Package documentation",
      "Further reading",
      "Adoption resources",
    ],
  },
  {
    "packageLabel": "ts-extras",
    "ruleId": "prefer-ts-extras-array-find-last-index",
    "sectionHeadings": [
      "Targeted pattern scope",
      "What this rule reports",
      "Why this rule exists",
      "❌ Incorrect",
      "✅ Correct",
      "Behavior and migration notes",
      "Additional examples",
      "ESLint flat config example",
      "When not to use it",
      "Package documentation",
      "Further reading",
      "Adoption resources",
    ],
  },
  {
    "packageLabel": "ts-extras",
    "ruleId": "prefer-ts-extras-array-find-last",
    "sectionHeadings": [
      "Targeted pattern scope",
      "What this rule reports",
      "Why this rule exists",
      "❌ Incorrect",
      "✅ Correct",
      "Behavior and migration notes",
      "Additional examples",
      "ESLint flat config example",
      "When not to use it",
      "Package documentation",
      "Further reading",
      "Adoption resources",
    ],
  },
  {
    "packageLabel": "ts-extras",
    "ruleId": "prefer-ts-extras-array-find",
    "sectionHeadings": [
      "Targeted pattern scope",
      "What this rule reports",
      "Why this rule exists",
      "❌ Incorrect",
      "✅ Correct",
      "Behavior and migration notes",
      "Additional examples",
      "ESLint flat config example",
      "When not to use it",
      "Package documentation",
      "Further reading",
      "Adoption resources",
    ],
  },
  {
    "packageLabel": "ts-extras",
    "ruleId": "prefer-ts-extras-array-first",
    "sectionHeadings": [
      "Targeted pattern scope",
      "What this rule reports",
      "Why this rule exists",
      "❌ Incorrect",
      "✅ Correct",
      "Behavior and migration notes",
      "Additional examples",
      "ESLint flat config example",
      "When not to use it",
      "Package documentation",
      "Further reading",
      "Adoption resources",
    ],
  },
  {
    "packageLabel": "ts-extras",
    "ruleId": "prefer-ts-extras-array-includes",
    "sectionHeadings": [
      "Targeted pattern scope",
      "What this rule reports",
      "Why this rule exists",
      "❌ Incorrect",
      "✅ Correct",
      "Behavior and migration notes",
      "Additional examples",
      "ESLint flat config example",
      "When not to use it",
      "Package documentation",
      "Further reading",
      "Adoption resources",
    ],
  },
  {
    "packageLabel": "ts-extras",
    "ruleId": "prefer-ts-extras-array-join",
    "sectionHeadings": [
      "Targeted pattern scope",
      "What this rule reports",
      "Why this rule exists",
      "❌ Incorrect",
      "✅ Correct",
      "Behavior and migration notes",
      "Additional examples",
      "ESLint flat config example",
      "When not to use it",
      "Package documentation",
      "Further reading",
      "Adoption resources",
    ],
  },
  {
    "packageLabel": "ts-extras",
    "ruleId": "prefer-ts-extras-array-last",
    "sectionHeadings": [
      "Targeted pattern scope",
      "What this rule reports",
      "Why this rule exists",
      "❌ Incorrect",
      "✅ Correct",
      "Behavior and migration notes",
      "Additional examples",
      "ESLint flat config example",
      "When not to use it",
      "Package documentation",
      "Further reading",
      "Adoption resources",
    ],
  },
  {
    "packageLabel": "ts-extras",
    "ruleId": "prefer-ts-extras-as-writable",
    "sectionHeadings": [
      "Targeted pattern scope",
      "What this rule reports",
      "Why this rule exists",
      "❌ Incorrect",
      "✅ Correct",
      "Behavior and migration notes",
      "Additional examples",
      "ESLint flat config example",
      "When not to use it",
      "Package documentation",
      "Further reading",
      "Adoption resources",
    ],
  },
  {
    "packageLabel": "ts-extras",
    "ruleId": "prefer-ts-extras-assert-defined",
    "sectionHeadings": [
      "Targeted pattern scope",
      "What this rule reports",
      "Why this rule exists",
      "❌ Incorrect",
      "✅ Correct",
      "Behavior and migration notes",
      "Additional examples",
      "ESLint flat config example",
      "When not to use it",
      "Package documentation",
      "Further reading",
      "Adoption resources",
    ],
  },
  {
    "packageLabel": "ts-extras",
    "ruleId": "prefer-ts-extras-assert-error",
    "sectionHeadings": [
      "Targeted pattern scope",
      "What this rule reports",
      "Why this rule exists",
      "❌ Incorrect",
      "✅ Correct",
      "Behavior and migration notes",
      "Additional examples",
      "ESLint flat config example",
      "When not to use it",
      "Package documentation",
      "Further reading",
      "Adoption resources",
    ],
  },
  {
    "packageLabel": "ts-extras",
    "ruleId": "prefer-ts-extras-assert-present",
    "sectionHeadings": [
      "Targeted pattern scope",
      "What this rule reports",
      "Why this rule exists",
      "❌ Incorrect",
      "✅ Correct",
      "Behavior and migration notes",
      "Additional examples",
      "ESLint flat config example",
      "When not to use it",
      "Package documentation",
      "Further reading",
      "Adoption resources",
    ],
  },
  {
    "packageLabel": "ts-extras",
    "ruleId": "prefer-ts-extras-is-defined-filter",
    "sectionHeadings": [
      "Targeted pattern scope",
      "What this rule reports",
      "Why this rule exists",
      "❌ Incorrect",
      "✅ Correct",
      "Behavior and migration notes",
      "Additional examples",
      "ESLint flat config example",
      "When not to use it",
      "Package documentation",
      "Further reading",
      "Adoption resources",
    ],
  },
  {
    "packageLabel": "ts-extras",
    "ruleId": "prefer-ts-extras-is-defined",
    "sectionHeadings": [
      "Targeted pattern scope",
      "What this rule reports",
      "Why this rule exists",
      "❌ Incorrect",
      "✅ Correct",
      "Behavior and migration notes",
      "Additional examples",
      "ESLint flat config example",
      "When not to use it",
      "Package documentation",
      "Further reading",
      "Adoption resources",
    ],
  },
  {
    "packageLabel": "ts-extras",
    "ruleId": "prefer-ts-extras-is-empty",
    "sectionHeadings": [
      "Targeted pattern scope",
      "What this rule reports",
      "Why this rule exists",
      "❌ Incorrect",
      "✅ Correct",
      "Behavior and migration notes",
      "Additional examples",
      "ESLint flat config example",
      "When not to use it",
      "Package documentation",
      "Further reading",
      "Adoption resources",
    ],
  },
  {
    "packageLabel": "ts-extras",
    "ruleId": "prefer-ts-extras-is-equal-type",
    "sectionHeadings": [
      "Targeted pattern scope",
      "What this rule reports",
      "Why this rule exists",
      "❌ Incorrect",
      "✅ Correct",
      "Behavior and migration notes",
      "Additional examples",
      "ESLint flat config example",
      "When not to use it",
      "Package documentation",
      "Further reading",
      "Adoption resources",
    ],
  },
  {
    "packageLabel": "ts-extras",
    "ruleId": "prefer-ts-extras-is-finite",
    "sectionHeadings": [
      "Targeted pattern scope",
      "What this rule reports",
      "Why this rule exists",
      "❌ Incorrect",
      "✅ Correct",
      "Behavior and migration notes",
      "Additional examples",
      "ESLint flat config example",
      "When not to use it",
      "Package documentation",
      "Further reading",
      "Adoption resources",
    ],
  },
  {
    "packageLabel": "ts-extras",
    "ruleId": "prefer-ts-extras-is-infinite",
    "sectionHeadings": [
      "Targeted pattern scope",
      "What this rule reports",
      "Why this rule exists",
      "❌ Incorrect",
      "✅ Correct",
      "Behavior and migration notes",
      "Additional examples",
      "ESLint flat config example",
      "When not to use it",
      "Package documentation",
      "Further reading",
      "Adoption resources",
    ],
  },
  {
    "packageLabel": "ts-extras",
    "ruleId": "prefer-ts-extras-is-integer",
    "sectionHeadings": [
      "Targeted pattern scope",
      "What this rule reports",
      "Why this rule exists",
      "❌ Incorrect",
      "✅ Correct",
      "Behavior and migration notes",
      "Additional examples",
      "ESLint flat config example",
      "When not to use it",
      "Package documentation",
      "Further reading",
      "Adoption resources",
    ],
  },
  {
    "packageLabel": "ts-extras",
    "ruleId": "prefer-ts-extras-is-present-filter",
    "sectionHeadings": [
      "Targeted pattern scope",
      "What this rule reports",
      "Why this rule exists",
      "❌ Incorrect",
      "✅ Correct",
      "Behavior and migration notes",
      "Additional examples",
      "ESLint flat config example",
      "When not to use it",
      "Package documentation",
      "Further reading",
      "Adoption resources",
    ],
  },
  {
    "packageLabel": "ts-extras",
    "ruleId": "prefer-ts-extras-is-present",
    "sectionHeadings": [
      "Targeted pattern scope",
      "What this rule reports",
      "Why this rule exists",
      "❌ Incorrect",
      "✅ Correct",
      "Behavior and migration notes",
      "Additional examples",
      "ESLint flat config example",
      "When not to use it",
      "Package documentation",
      "Further reading",
      "Adoption resources",
    ],
  },
  {
    "packageLabel": "ts-extras",
    "ruleId": "prefer-ts-extras-is-safe-integer",
    "sectionHeadings": [
      "Targeted pattern scope",
      "What this rule reports",
      "Why this rule exists",
      "❌ Incorrect",
      "✅ Correct",
      "Behavior and migration notes",
      "Additional examples",
      "ESLint flat config example",
      "When not to use it",
      "Package documentation",
      "Further reading",
      "Adoption resources",
    ],
  },
  {
    "packageLabel": "ts-extras",
    "ruleId": "prefer-ts-extras-key-in",
    "sectionHeadings": [
      "Targeted pattern scope",
      "What this rule reports",
      "Why this rule exists",
      "❌ Incorrect",
      "✅ Correct",
      "Behavior and migration notes",
      "Additional examples",
      "ESLint flat config example",
      "When not to use it",
      "Package documentation",
      "Further reading",
      "Adoption resources",
    ],
  },
  {
    "packageLabel": "ts-extras",
    "ruleId": "prefer-ts-extras-not",
    "sectionHeadings": [
      "Targeted pattern scope",
      "What this rule reports",
      "Why this rule exists",
      "❌ Incorrect",
      "✅ Correct",
      "Behavior and migration notes",
      "Additional examples",
      "ESLint flat config example",
      "When not to use it",
      "Package documentation",
      "Further reading",
      "Adoption resources",
    ],
  },
  {
    "packageLabel": "ts-extras",
    "ruleId": "prefer-ts-extras-object-entries",
    "sectionHeadings": [
      "Targeted pattern scope",
      "What this rule reports",
      "Why this rule exists",
      "❌ Incorrect",
      "✅ Correct",
      "Behavior and migration notes",
      "Additional examples",
      "ESLint flat config example",
      "When not to use it",
      "Package documentation",
      "Further reading",
      "Adoption resources",
    ],
  },
  {
    "packageLabel": "ts-extras",
    "ruleId": "prefer-ts-extras-object-from-entries",
    "sectionHeadings": [
      "Targeted pattern scope",
      "What this rule reports",
      "Why this rule exists",
      "❌ Incorrect",
      "✅ Correct",
      "Behavior and migration notes",
      "Additional examples",
      "ESLint flat config example",
      "When not to use it",
      "Package documentation",
      "Further reading",
      "Adoption resources",
    ],
  },
  {
    "packageLabel": "ts-extras",
    "ruleId": "prefer-ts-extras-object-has-in",
    "sectionHeadings": [
      "Targeted pattern scope",
      "What this rule reports",
      "Why this rule exists",
      "❌ Incorrect",
      "✅ Correct",
      "Behavior and migration notes",
      "Additional examples",
      "ESLint flat config example",
      "When not to use it",
      "Package documentation",
      "Further reading",
      "Adoption resources",
    ],
  },
  {
    "packageLabel": "ts-extras",
    "ruleId": "prefer-ts-extras-object-has-own",
    "sectionHeadings": [
      "Targeted pattern scope",
      "What this rule reports",
      "Why this rule exists",
      "❌ Incorrect",
      "✅ Correct",
      "Behavior and migration notes",
      "Additional examples",
      "ESLint flat config example",
      "When not to use it",
      "Package documentation",
      "Further reading",
      "Adoption resources",
    ],
  },
  {
    "packageLabel": "ts-extras",
    "ruleId": "prefer-ts-extras-object-keys",
    "sectionHeadings": [
      "Targeted pattern scope",
      "What this rule reports",
      "Why this rule exists",
      "❌ Incorrect",
      "✅ Correct",
      "Behavior and migration notes",
      "Additional examples",
      "ESLint flat config example",
      "When not to use it",
      "Package documentation",
      "Further reading",
      "Adoption resources",
    ],
  },
  {
    "packageLabel": "ts-extras",
    "ruleId": "prefer-ts-extras-object-map-values",
    "sectionHeadings": [
      "Targeted pattern scope",
      "What this rule reports",
      "Why this rule exists",
      "❌ Incorrect",
      "✅ Correct",
      "Behavior and migration notes",
      "Additional examples",
      "ESLint flat config example",
      "When not to use it",
      "Package documentation",
      "Further reading",
      "Adoption resources",
    ],
  },
  {
    "packageLabel": "ts-extras",
    "ruleId": "prefer-ts-extras-object-values",
    "sectionHeadings": [
      "Targeted pattern scope",
      "What this rule reports",
      "Why this rule exists",
      "❌ Incorrect",
      "✅ Correct",
      "Behavior and migration notes",
      "Additional examples",
      "ESLint flat config example",
      "When not to use it",
      "Package documentation",
      "Further reading",
      "Adoption resources",
    ],
  },
  {
    "packageLabel": "ts-extras",
    "ruleId": "prefer-ts-extras-safe-cast-to",
    "sectionHeadings": [
      "Targeted pattern scope",
      "What this rule reports",
      "Why this rule exists",
      "❌ Incorrect",
      "✅ Correct",
      "Behavior and migration notes",
      "Additional examples",
      "ESLint flat config example",
      "When not to use it",
      "Package documentation",
      "Further reading",
      "Adoption resources",
    ],
  },
  {
    "packageLabel": "ts-extras",
    "ruleId": "prefer-ts-extras-set-has",
    "sectionHeadings": [
      "Targeted pattern scope",
      "What this rule reports",
      "Why this rule exists",
      "❌ Incorrect",
      "✅ Correct",
      "Behavior and migration notes",
      "Additional examples",
      "ESLint flat config example",
      "When not to use it",
      "Package documentation",
      "Further reading",
      "Adoption resources",
    ],
  },
  {
    "packageLabel": "ts-extras",
    "ruleId": "prefer-ts-extras-string-split",
    "sectionHeadings": [
      "Targeted pattern scope",
      "What this rule reports",
      "Why this rule exists",
      "❌ Incorrect",
      "✅ Correct",
      "Behavior and migration notes",
      "Additional examples",
      "ESLint flat config example",
      "When not to use it",
      "Package documentation",
      "Further reading",
      "Adoption resources",
    ],
  },
  {
    "packageLabel": "type-fest",
    "ruleId": "prefer-type-fest-abstract-constructor",
    "sectionHeadings": [
      "Targeted pattern scope",
      "What this rule reports",
      "Why this rule exists",
      "❌ Incorrect",
      "✅ Correct",
      "Behavior and migration notes",
      "ESLint flat config example",
      "When not to use it",
      "Package documentation",
      "Further reading",
      "Adoption resources",
    ],
  },
  {
    "packageLabel": "type-fest",
    "ruleId": "prefer-type-fest-and-all",
    "sectionHeadings": [
      "Targeted pattern scope",
      "What this rule reports",
      "Why this rule exists",
      "❌ Incorrect",
      "✅ Correct",
      "Behavior and migration notes",
      "Additional examples",
      "ESLint flat config example",
      "When not to use it",
      "Package documentation",
      "Further reading",
      "Adoption resources",
    ],
  },
  {
    "packageLabel": "type-fest",
    "ruleId": "prefer-type-fest-array-length",
    "sectionHeadings": [
      "Targeted pattern scope",
      "What this rule reports",
      "Why this rule exists",
      "❌ Incorrect",
      "✅ Correct",
      "Behavior and migration notes",
      "Additional examples",
      "ESLint flat config example",
      "When not to use it",
      "Package documentation",
      "Further reading",
      "Adoption resources",
    ],
  },
  {
    "packageLabel": "type-fest",
    "ruleId": "prefer-type-fest-arrayable",
    "sectionHeadings": [
      "Targeted pattern scope",
      "What this rule reports",
      "Why this rule exists",
      "❌ Incorrect",
      "✅ Correct",
      "Behavior and migration notes",
      "Additional examples",
      "ESLint flat config example",
      "When not to use it",
      "Package documentation",
      "Further reading",
      "Adoption resources",
    ],
  },
  {
    "packageLabel": "type-fest",
    "ruleId": "prefer-type-fest-async-return-type",
    "sectionHeadings": [
      "Targeted pattern scope",
      "What this rule reports",
      "Why this rule exists",
      "❌ Incorrect",
      "✅ Correct",
      "Behavior and migration notes",
      "Additional examples",
      "ESLint flat config example",
      "When not to use it",
      "Package documentation",
      "Further reading",
      "Adoption resources",
    ],
  },
  {
    "packageLabel": "type-fest",
    "ruleId": "prefer-type-fest-asyncify",
    "sectionHeadings": [
      "Targeted pattern scope",
      "What this rule reports",
      "Why this rule exists",
      "❌ Incorrect",
      "✅ Correct",
      "Behavior and migration notes",
      "ESLint flat config example",
      "When not to use it",
      "Package documentation",
      "Further reading",
      "Adoption resources",
    ],
  },
  {
    "packageLabel": "type-fest",
    "ruleId": "prefer-type-fest-conditional-except",
    "sectionHeadings": [
      "Targeted pattern scope",
      "What this rule reports",
      "Why this rule exists",
      "❌ Incorrect",
      "✅ Correct",
      "Behavior and migration notes",
      "Additional examples",
      "ESLint flat config example",
      "When not to use it",
      "Package documentation",
      "Further reading",
      "Adoption resources",
    ],
  },
  {
    "packageLabel": "type-fest",
    "ruleId": "prefer-type-fest-conditional-keys",
    "sectionHeadings": [
      "Targeted pattern scope",
      "What this rule reports",
      "Why this rule exists",
      "❌ Incorrect",
      "✅ Correct",
      "Behavior and migration notes",
      "ESLint flat config example",
      "When not to use it",
      "Package documentation",
      "Further reading",
      "Adoption resources",
    ],
  },
  {
    "packageLabel": "type-fest",
    "ruleId": "prefer-type-fest-conditional-pick-deep",
    "sectionHeadings": [
      "Targeted pattern scope",
      "What this rule reports",
      "Why this rule exists",
      "❌ Incorrect",
      "✅ Correct",
      "Behavior and migration notes",
      "Additional examples",
      "ESLint flat config example",
      "When not to use it",
      "Package documentation",
      "Further reading",
      "Adoption resources",
    ],
  },
  {
    "packageLabel": "type-fest",
    "ruleId": "prefer-type-fest-conditional-pick",
    "sectionHeadings": [
      "Targeted pattern scope",
      "What this rule reports",
      "Why this rule exists",
      "❌ Incorrect",
      "✅ Correct",
      "Behavior and migration notes",
      "Additional examples",
      "ESLint flat config example",
      "When not to use it",
      "Package documentation",
      "Further reading",
      "Adoption resources",
    ],
  },
  {
    "packageLabel": "type-fest",
    "ruleId": "prefer-type-fest-constructor",
    "sectionHeadings": [
      "Targeted pattern scope",
      "What this rule reports",
      "Why this rule exists",
      "❌ Incorrect",
      "✅ Correct",
      "Behavior and migration notes",
      "ESLint flat config example",
      "When not to use it",
      "Package documentation",
      "Further reading",
      "Adoption resources",
    ],
  },
  {
    "packageLabel": "type-fest",
    "ruleId": "prefer-type-fest-distributed-omit",
    "sectionHeadings": [
      "Targeted pattern scope",
      "What this rule reports",
      "Why this rule exists",
      "❌ Incorrect",
      "✅ Correct",
      "Behavior and migration notes",
      "ESLint flat config example",
      "When not to use it",
      "Package documentation",
      "Further reading",
      "Adoption resources",
    ],
  },
  {
    "packageLabel": "type-fest",
    "ruleId": "prefer-type-fest-distributed-pick",
    "sectionHeadings": [
      "Targeted pattern scope",
      "What this rule reports",
      "Why this rule exists",
      "❌ Incorrect",
      "✅ Correct",
      "Behavior and migration notes",
      "ESLint flat config example",
      "When not to use it",
      "Package documentation",
      "Further reading",
      "Adoption resources",
    ],
  },
  {
    "packageLabel": "type-fest",
    "ruleId": "prefer-type-fest-except",
    "sectionHeadings": [
      "Targeted pattern scope",
      "What this rule reports",
      "Why this rule exists",
      "❌ Incorrect",
      "✅ Correct",
      "Behavior and migration notes",
      "Additional examples",
      "ESLint flat config example",
      "When not to use it",
      "Package documentation",
      "Further reading",
      "Adoption resources",
    ],
  },
  {
    "packageLabel": "type-fest",
    "ruleId": "prefer-type-fest-if",
    "sectionHeadings": [
      "Targeted pattern scope",
      "What this rule reports",
      "Why this rule exists",
      "❌ Incorrect",
      "✅ Correct",
      "Behavior and migration notes",
      "Additional examples",
      "ESLint flat config example",
      "When not to use it",
      "Package documentation",
      "Further reading",
      "Adoption resources",
    ],
  },
  {
    "packageLabel": "type-fest",
    "ruleId": "prefer-type-fest-iterable-element",
    "sectionHeadings": [
      "Targeted pattern scope",
      "What this rule reports",
      "Why this rule exists",
      "❌ Incorrect",
      "✅ Correct",
      "Behavior and migration notes",
      "Additional examples",
      "ESLint flat config example",
      "When not to use it",
      "Package documentation",
      "Further reading",
      "Adoption resources",
    ],
  },
  {
    "packageLabel": "type-fest",
    "ruleId": "prefer-type-fest-json-array",
    "sectionHeadings": [
      "Targeted pattern scope",
      "What this rule reports",
      "Why this rule exists",
      "❌ Incorrect",
      "✅ Correct",
      "Behavior and migration notes",
      "Additional examples",
      "ESLint flat config example",
      "When not to use it",
      "Package documentation",
      "Further reading",
      "Adoption resources",
    ],
  },
  {
    "packageLabel": "type-fest",
    "ruleId": "prefer-type-fest-json-object",
    "sectionHeadings": [
      "Targeted pattern scope",
      "What this rule reports",
      "Why this rule exists",
      "❌ Incorrect",
      "✅ Correct",
      "Behavior and migration notes",
      "Additional examples",
      "ESLint flat config example",
      "When not to use it",
      "Package documentation",
      "Further reading",
      "Adoption resources",
    ],
  },
  {
    "packageLabel": "type-fest",
    "ruleId": "prefer-type-fest-json-primitive",
    "sectionHeadings": [
      "Targeted pattern scope",
      "What this rule reports",
      "Why this rule exists",
      "❌ Incorrect",
      "✅ Correct",
      "Behavior and migration notes",
      "Additional examples",
      "ESLint flat config example",
      "When not to use it",
      "Package documentation",
      "Further reading",
      "Adoption resources",
    ],
  },
  {
    "packageLabel": "type-fest",
    "ruleId": "prefer-type-fest-json-value",
    "sectionHeadings": [
      "Targeted pattern scope",
      "What this rule reports",
      "Why this rule exists",
      "❌ Incorrect",
      "✅ Correct",
      "Behavior and migration notes",
      "Additional examples",
      "ESLint flat config example",
      "When not to use it",
      "Package documentation",
      "Further reading",
      "Adoption resources",
    ],
  },
  {
    "packageLabel": "type-fest",
    "ruleId": "prefer-type-fest-keys-of-union",
    "sectionHeadings": [
      "Targeted pattern scope",
      "What this rule reports",
      "Why this rule exists",
      "❌ Incorrect",
      "✅ Correct",
      "Behavior and migration notes",
      "Additional examples",
      "ESLint flat config example",
      "When not to use it",
      "Package documentation",
      "Further reading",
      "Adoption resources",
    ],
  },
  {
    "packageLabel": "type-fest",
    "ruleId": "prefer-type-fest-less-than-or-equal",
    "sectionHeadings": [
      "Targeted pattern scope",
      "What this rule reports",
      "Why this rule exists",
      "❌ Incorrect",
      "✅ Correct",
      "Behavior and migration notes",
      "Additional examples",
      "ESLint flat config example",
      "When not to use it",
      "Package documentation",
      "Further reading",
      "Adoption resources",
    ],
  },
  {
    "packageLabel": "type-fest",
    "ruleId": "prefer-type-fest-less-than",
    "sectionHeadings": [
      "Targeted pattern scope",
      "What this rule reports",
      "Why this rule exists",
      "❌ Incorrect",
      "✅ Correct",
      "Behavior and migration notes",
      "Additional examples",
      "ESLint flat config example",
      "When not to use it",
      "Package documentation",
      "Further reading",
      "Adoption resources",
    ],
  },
  {
    "packageLabel": "type-fest",
    "ruleId": "prefer-type-fest-literal-union",
    "sectionHeadings": [
      "Targeted pattern scope",
      "What this rule reports",
      "Why this rule exists",
      "❌ Incorrect",
      "✅ Correct",
      "Behavior and migration notes",
      "ESLint flat config example",
      "When not to use it",
      "Package documentation",
      "Further reading",
      "Adoption resources",
    ],
  },
  {
    "packageLabel": "type-fest",
    "ruleId": "prefer-type-fest-merge-exclusive",
    "sectionHeadings": [
      "Targeted pattern scope",
      "What this rule reports",
      "Why this rule exists",
      "❌ Incorrect",
      "✅ Correct",
      "Behavior and migration notes",
      "ESLint flat config example",
      "When not to use it",
      "Package documentation",
      "Further reading",
      "Adoption resources",
    ],
  },
  {
    "packageLabel": "type-fest",
    "ruleId": "prefer-type-fest-merge",
    "sectionHeadings": [
      "Targeted pattern scope",
      "What this rule reports",
      "Why this rule exists",
      "❌ Incorrect",
      "✅ Correct",
      "Behavior and migration notes",
      "Additional examples",
      "ESLint flat config example",
      "When not to use it",
      "Package documentation",
      "Further reading",
      "Adoption resources",
    ],
  },
  {
    "packageLabel": "type-fest",
    "ruleId": "prefer-type-fest-non-empty-tuple",
    "sectionHeadings": [
      "Targeted pattern scope",
      "What this rule reports",
      "Why this rule exists",
      "❌ Incorrect",
      "✅ Correct",
      "Behavior and migration notes",
      "Additional examples",
      "ESLint flat config example",
      "When not to use it",
      "Package documentation",
      "Further reading",
      "Adoption resources",
    ],
  },
  {
    "packageLabel": "type-fest",
    "ruleId": "prefer-type-fest-omit-index-signature",
    "sectionHeadings": [
      "Targeted pattern scope",
      "What this rule reports",
      "Why this rule exists",
      "❌ Incorrect",
      "✅ Correct",
      "Behavior and migration notes",
      "Additional examples",
      "ESLint flat config example",
      "When not to use it",
      "Package documentation",
      "Further reading",
      "Adoption resources",
    ],
  },
  {
    "packageLabel": "type-fest",
    "ruleId": "prefer-type-fest-optional",
    "sectionHeadings": [
      "Targeted pattern scope",
      "What this rule reports",
      "Why this rule exists",
      "❌ Incorrect",
      "✅ Correct",
      "Behavior and migration notes",
      "Additional examples",
      "ESLint flat config example",
      "When not to use it",
      "Package documentation",
      "Further reading",
      "Adoption resources",
    ],
  },
  {
    "packageLabel": "type-fest",
    "ruleId": "prefer-type-fest-or-all",
    "sectionHeadings": [
      "Targeted pattern scope",
      "What this rule reports",
      "Why this rule exists",
      "❌ Incorrect",
      "✅ Correct",
      "Behavior and migration notes",
      "Additional examples",
      "ESLint flat config example",
      "When not to use it",
      "Package documentation",
      "Further reading",
      "Adoption resources",
    ],
  },
  {
    "packageLabel": "type-fest",
    "ruleId": "prefer-type-fest-partial-deep",
    "sectionHeadings": [
      "Targeted pattern scope",
      "What this rule reports",
      "Why this rule exists",
      "❌ Incorrect",
      "✅ Correct",
      "Behavior and migration notes",
      "ESLint flat config example",
      "When not to use it",
      "Package documentation",
      "Further reading",
      "Adoption resources",
    ],
  },
  {
    "packageLabel": "type-fest",
    "ruleId": "prefer-type-fest-pick-index-signature",
    "sectionHeadings": [
      "Targeted pattern scope",
      "What this rule reports",
      "Why this rule exists",
      "❌ Incorrect",
      "✅ Correct",
      "Behavior and migration notes",
      "ESLint flat config example",
      "When not to use it",
      "Package documentation",
      "Further reading",
      "Adoption resources",
    ],
  },
  {
    "packageLabel": "type-fest",
    "ruleId": "prefer-type-fest-primitive",
    "sectionHeadings": [
      "Targeted pattern scope",
      "What this rule reports",
      "Why this rule exists",
      "❌ Incorrect",
      "✅ Correct",
      "Behavior and migration notes",
      "Additional examples",
      "ESLint flat config example",
      "When not to use it",
      "Package documentation",
      "Further reading",
      "Adoption resources",
    ],
  },
  {
    "packageLabel": "type-fest",
    "ruleId": "prefer-type-fest-promisable",
    "sectionHeadings": [
      "Targeted pattern scope",
      "What this rule reports",
      "Why this rule exists",
      "❌ Incorrect",
      "✅ Correct",
      "Behavior and migration notes",
      "Additional examples",
      "ESLint flat config example",
      "When not to use it",
      "Package documentation",
      "Further reading",
      "Adoption resources",
    ],
  },
  {
    "packageLabel": "type-fest",
    "ruleId": "prefer-type-fest-readonly-deep",
    "sectionHeadings": [
      "Targeted pattern scope",
      "What this rule reports",
      "Why this rule exists",
      "❌ Incorrect",
      "✅ Correct",
      "Behavior and migration notes",
      "ESLint flat config example",
      "When not to use it",
      "Package documentation",
      "Further reading",
      "Adoption resources",
    ],
  },
  {
    "packageLabel": "type-fest",
    "ruleId": "prefer-type-fest-require-all-or-none",
    "sectionHeadings": [
      "Targeted pattern scope",
      "What this rule reports",
      "Why this rule exists",
      "❌ Incorrect",
      "✅ Correct",
      "Behavior and migration notes",
      "Additional examples",
      "ESLint flat config example",
      "When not to use it",
      "Package documentation",
      "Further reading",
      "Adoption resources",
    ],
  },
  {
    "packageLabel": "type-fest",
    "ruleId": "prefer-type-fest-require-at-least-one",
    "sectionHeadings": [
      "Targeted pattern scope",
      "What this rule reports",
      "Why this rule exists",
      "❌ Incorrect",
      "✅ Correct",
      "Behavior and migration notes",
      "Additional examples",
      "ESLint flat config example",
      "When not to use it",
      "Package documentation",
      "Further reading",
      "Adoption resources",
    ],
  },
  {
    "packageLabel": "type-fest",
    "ruleId": "prefer-type-fest-require-exactly-one",
    "sectionHeadings": [
      "Targeted pattern scope",
      "What this rule reports",
      "Why this rule exists",
      "❌ Incorrect",
      "✅ Correct",
      "Behavior and migration notes",
      "Additional examples",
      "ESLint flat config example",
      "When not to use it",
      "Package documentation",
      "Further reading",
      "Adoption resources",
    ],
  },
  {
    "packageLabel": "type-fest",
    "ruleId": "prefer-type-fest-require-one-or-none",
    "sectionHeadings": [
      "Targeted pattern scope",
      "What this rule reports",
      "Why this rule exists",
      "❌ Incorrect",
      "✅ Correct",
      "Behavior and migration notes",
      "Additional examples",
      "ESLint flat config example",
      "When not to use it",
      "Package documentation",
      "Further reading",
      "Adoption resources",
    ],
  },
  {
    "packageLabel": "type-fest",
    "ruleId": "prefer-type-fest-required-deep",
    "sectionHeadings": [
      "Targeted pattern scope",
      "What this rule reports",
      "Why this rule exists",
      "❌ Incorrect",
      "✅ Correct",
      "Behavior and migration notes",
      "ESLint flat config example",
      "When not to use it",
      "Package documentation",
      "Further reading",
      "Adoption resources",
    ],
  },
  {
    "packageLabel": "type-fest",
    "ruleId": "prefer-type-fest-schema",
    "sectionHeadings": [
      "Targeted pattern scope",
      "What this rule reports",
      "Why this rule exists",
      "❌ Incorrect",
      "✅ Correct",
      "Behavior and migration notes",
      "Additional examples",
      "ESLint flat config example",
      "When not to use it",
      "Package documentation",
      "Further reading",
      "Adoption resources",
    ],
  },
  {
    "packageLabel": "type-fest",
    "ruleId": "prefer-type-fest-set-non-nullable",
    "sectionHeadings": [
      "Targeted pattern scope",
      "What this rule reports",
      "Why this rule exists",
      "❌ Incorrect",
      "✅ Correct",
      "Behavior and migration notes",
      "Additional examples",
      "ESLint flat config example",
      "When not to use it",
      "Package documentation",
      "Further reading",
      "Adoption resources",
    ],
  },
  {
    "packageLabel": "type-fest",
    "ruleId": "prefer-type-fest-set-optional",
    "sectionHeadings": [
      "Targeted pattern scope",
      "What this rule reports",
      "Why this rule exists",
      "❌ Incorrect",
      "✅ Correct",
      "Behavior and migration notes",
      "Additional examples",
      "ESLint flat config example",
      "When not to use it",
      "Package documentation",
      "Further reading",
      "Adoption resources",
    ],
  },
  {
    "packageLabel": "type-fest",
    "ruleId": "prefer-type-fest-set-readonly",
    "sectionHeadings": [
      "Targeted pattern scope",
      "What this rule reports",
      "Why this rule exists",
      "❌ Incorrect",
      "✅ Correct",
      "Behavior and migration notes",
      "Additional examples",
      "ESLint flat config example",
      "When not to use it",
      "Package documentation",
      "Further reading",
      "Adoption resources",
    ],
  },
  {
    "packageLabel": "type-fest",
    "ruleId": "prefer-type-fest-set-required",
    "sectionHeadings": [
      "Targeted pattern scope",
      "What this rule reports",
      "Why this rule exists",
      "❌ Incorrect",
      "✅ Correct",
      "Behavior and migration notes",
      "Additional examples",
      "ESLint flat config example",
      "When not to use it",
      "Package documentation",
      "Further reading",
      "Adoption resources",
    ],
  },
  {
    "packageLabel": "type-fest",
    "ruleId": "prefer-type-fest-set-return-type",
    "sectionHeadings": [
      "Targeted pattern scope",
      "What this rule reports",
      "Why this rule exists",
      "❌ Incorrect",
      "✅ Correct",
      "Behavior and migration notes",
      "ESLint flat config example",
      "When not to use it",
      "Package documentation",
      "Further reading",
      "Adoption resources",
    ],
  },
  {
    "packageLabel": "type-fest",
    "ruleId": "prefer-type-fest-simplify",
    "sectionHeadings": [
      "Targeted pattern scope",
      "What this rule reports",
      "Why this rule exists",
      "❌ Incorrect",
      "✅ Correct",
      "Behavior and migration notes",
      "Additional examples",
      "ESLint flat config example",
      "When not to use it",
      "Package documentation",
      "Further reading",
      "Adoption resources",
    ],
  },
  {
    "packageLabel": "type-fest",
    "ruleId": "prefer-type-fest-stringified",
    "sectionHeadings": [
      "Targeted pattern scope",
      "What this rule reports",
      "Why this rule exists",
      "❌ Incorrect",
      "✅ Correct",
      "Behavior and migration notes",
      "Additional examples",
      "ESLint flat config example",
      "When not to use it",
      "Package documentation",
      "Further reading",
      "Adoption resources",
    ],
  },
  {
    "packageLabel": "type-fest",
    "ruleId": "prefer-type-fest-tagged-brands",
    "sectionHeadings": [
      "Targeted pattern scope",
      "What this rule reports",
      "Why this rule exists",
      "❌ Incorrect",
      "✅ Correct",
      "Behavior and migration notes",
      "Additional examples",
      "ESLint flat config example",
      "When not to use it",
      "Package documentation",
      "Further reading",
      "Adoption resources",
    ],
  },
  {
    "packageLabel": "type-fest",
    "ruleId": "prefer-type-fest-tuple-of",
    "sectionHeadings": [
      "Targeted pattern scope",
      "What this rule reports",
      "Why this rule exists",
      "❌ Incorrect",
      "✅ Correct",
      "Behavior and migration notes",
      "Additional examples",
      "ESLint flat config example",
      "When not to use it",
      "Package documentation",
      "Further reading",
      "Adoption resources",
    ],
  },
  {
    "packageLabel": "type-fest",
    "ruleId": "prefer-type-fest-union-member",
    "sectionHeadings": [
      "Targeted pattern scope",
      "What this rule reports",
      "Why this rule exists",
      "❌ Incorrect",
      "✅ Correct",
      "Behavior and migration notes",
      "Additional examples",
      "ESLint flat config example",
      "When not to use it",
      "Package documentation",
      "Further reading",
      "Adoption resources",
    ],
  },
  {
    "packageLabel": "type-fest",
    "ruleId": "prefer-type-fest-union-to-intersection",
    "sectionHeadings": [
      "Targeted pattern scope",
      "What this rule reports",
      "Why this rule exists",
      "❌ Incorrect",
      "✅ Correct",
      "Behavior and migration notes",
      "Additional examples",
      "ESLint flat config example",
      "When not to use it",
      "Package documentation",
      "Further reading",
      "Adoption resources",
    ],
  },
  {
    "packageLabel": "type-fest",
    "ruleId": "prefer-type-fest-union-to-tuple",
    "sectionHeadings": [
      "Targeted pattern scope",
      "What this rule reports",
      "Why this rule exists",
      "❌ Incorrect",
      "✅ Correct",
      "Behavior and migration notes",
      "Additional examples",
      "ESLint flat config example",
      "When not to use it",
      "Package documentation",
      "Further reading",
      "Adoption resources",
    ],
  },
  {
    "packageLabel": "type-fest",
    "ruleId": "prefer-type-fest-unknown-array",
    "sectionHeadings": [
      "Targeted pattern scope",
      "What this rule reports",
      "Why this rule exists",
      "❌ Incorrect",
      "✅ Correct",
      "Behavior and migration notes",
      "Additional examples",
      "ESLint flat config example",
      "When not to use it",
      "Package documentation",
      "Further reading",
      "Adoption resources",
    ],
  },
  {
    "packageLabel": "type-fest",
    "ruleId": "prefer-type-fest-unknown-map",
    "sectionHeadings": [
      "Targeted pattern scope",
      "What this rule reports",
      "Why this rule exists",
      "❌ Incorrect",
      "✅ Correct",
      "Behavior and migration notes",
      "Additional examples",
      "ESLint flat config example",
      "When not to use it",
      "Package documentation",
      "Further reading",
      "Adoption resources",
    ],
  },
  {
    "packageLabel": "type-fest",
    "ruleId": "prefer-type-fest-unknown-record",
    "sectionHeadings": [
      "Targeted pattern scope",
      "What this rule reports",
      "Why this rule exists",
      "❌ Incorrect",
      "✅ Correct",
      "Behavior and migration notes",
      "Additional examples",
      "ESLint flat config example",
      "When not to use it",
      "Package documentation",
      "Further reading",
      "Adoption resources",
    ],
  },
  {
    "packageLabel": "type-fest",
    "ruleId": "prefer-type-fest-unknown-set",
    "sectionHeadings": [
      "Targeted pattern scope",
      "What this rule reports",
      "Why this rule exists",
      "❌ Incorrect",
      "✅ Correct",
      "Behavior and migration notes",
      "Additional examples",
      "ESLint flat config example",
      "When not to use it",
      "Package documentation",
      "Further reading",
      "Adoption resources",
    ],
  },
  {
    "packageLabel": "type-fest",
    "ruleId": "prefer-type-fest-unwrap-tagged",
    "sectionHeadings": [
      "Targeted pattern scope",
      "What this rule reports",
      "Why this rule exists",
      "❌ Incorrect",
      "✅ Correct",
      "Behavior and migration notes",
      "Additional examples",
      "ESLint flat config example",
      "When not to use it",
      "Package documentation",
      "Further reading",
      "Adoption resources",
    ],
  },
  {
    "packageLabel": "type-fest",
    "ruleId": "prefer-type-fest-value-of",
    "sectionHeadings": [
      "Targeted pattern scope",
      "What this rule reports",
      "Why this rule exists",
      "❌ Incorrect",
      "✅ Correct",
      "Behavior and migration notes",
      "Additional examples",
      "ESLint flat config example",
      "When not to use it",
      "Package documentation",
      "Further reading",
      "Adoption resources",
    ],
  },
  {
    "packageLabel": "type-fest",
    "ruleId": "prefer-type-fest-writable-deep",
    "sectionHeadings": [
      "Targeted pattern scope",
      "What this rule reports",
      "Why this rule exists",
      "❌ Incorrect",
      "✅ Correct",
      "Behavior and migration notes",
      "ESLint flat config example",
      "When not to use it",
      "Package documentation",
      "Further reading",
      "Adoption resources",
    ],
  },
  {
    "packageLabel": "type-fest",
    "ruleId": "prefer-type-fest-writable",
    "sectionHeadings": [
      "Targeted pattern scope",
      "What this rule reports",
      "Why this rule exists",
      "❌ Incorrect",
      "✅ Correct",
      "Behavior and migration notes",
      "Additional examples",
      "ESLint flat config example",
      "When not to use it",
      "Package documentation",
      "Further reading",
      "Adoption resources",
    ],
  },
]
`;
