// Vitest Snapshot v1, https://vitest.dev/guide/snapshot.html

exports[`plugin contract snapshots > keeps stable exported rule names 1`] = `
{
  "ruleCount": 96,
  "ruleNames": [
    "prefer-ts-extras-array-at",
    "prefer-ts-extras-array-concat",
    "prefer-ts-extras-array-find",
    "prefer-ts-extras-array-find-last",
    "prefer-ts-extras-array-find-last-index",
    "prefer-ts-extras-array-first",
    "prefer-ts-extras-array-includes",
    "prefer-ts-extras-array-join",
    "prefer-ts-extras-array-last",
    "prefer-ts-extras-as-writable",
    "prefer-ts-extras-assert-defined",
    "prefer-ts-extras-assert-error",
    "prefer-ts-extras-assert-present",
    "prefer-ts-extras-is-defined",
    "prefer-ts-extras-is-defined-filter",
    "prefer-ts-extras-is-empty",
    "prefer-ts-extras-is-equal-type",
    "prefer-ts-extras-is-finite",
    "prefer-ts-extras-is-infinite",
    "prefer-ts-extras-is-integer",
    "prefer-ts-extras-is-present",
    "prefer-ts-extras-is-present-filter",
    "prefer-ts-extras-is-safe-integer",
    "prefer-ts-extras-key-in",
    "prefer-ts-extras-not",
    "prefer-ts-extras-object-entries",
    "prefer-ts-extras-object-from-entries",
    "prefer-ts-extras-object-has-in",
    "prefer-ts-extras-object-has-own",
    "prefer-ts-extras-object-keys",
    "prefer-ts-extras-object-map-values",
    "prefer-ts-extras-object-values",
    "prefer-ts-extras-safe-cast-to",
    "prefer-ts-extras-set-has",
    "prefer-ts-extras-string-split",
    "prefer-type-fest-abstract-constructor",
    "prefer-type-fest-and-all",
    "prefer-type-fest-array-length",
    "prefer-type-fest-arrayable",
    "prefer-type-fest-async-return-type",
    "prefer-type-fest-asyncify",
    "prefer-type-fest-conditional-except",
    "prefer-type-fest-conditional-keys",
    "prefer-type-fest-conditional-pick",
    "prefer-type-fest-conditional-pick-deep",
    "prefer-type-fest-constructor",
    "prefer-type-fest-distributed-omit",
    "prefer-type-fest-distributed-pick",
    "prefer-type-fest-except",
    "prefer-type-fest-if",
    "prefer-type-fest-iterable-element",
    "prefer-type-fest-json-array",
    "prefer-type-fest-json-object",
    "prefer-type-fest-json-primitive",
    "prefer-type-fest-json-value",
    "prefer-type-fest-keys-of-union",
    "prefer-type-fest-less-than",
    "prefer-type-fest-less-than-or-equal",
    "prefer-type-fest-literal-union",
    "prefer-type-fest-merge",
    "prefer-type-fest-merge-exclusive",
    "prefer-type-fest-non-empty-tuple",
    "prefer-type-fest-omit-index-signature",
    "prefer-type-fest-optional",
    "prefer-type-fest-or-all",
    "prefer-type-fest-partial-deep",
    "prefer-type-fest-pick-index-signature",
    "prefer-type-fest-primitive",
    "prefer-type-fest-promisable",
    "prefer-type-fest-readonly-deep",
    "prefer-type-fest-require-all-or-none",
    "prefer-type-fest-require-at-least-one",
    "prefer-type-fest-require-exactly-one",
    "prefer-type-fest-require-one-or-none",
    "prefer-type-fest-required-deep",
    "prefer-type-fest-schema",
    "prefer-type-fest-set-non-nullable",
    "prefer-type-fest-set-optional",
    "prefer-type-fest-set-readonly",
    "prefer-type-fest-set-required",
    "prefer-type-fest-set-return-type",
    "prefer-type-fest-simplify",
    "prefer-type-fest-stringified",
    "prefer-type-fest-tagged-brands",
    "prefer-type-fest-tuple-of",
    "prefer-type-fest-union-member",
    "prefer-type-fest-union-to-intersection",
    "prefer-type-fest-union-to-tuple",
    "prefer-type-fest-unknown-array",
    "prefer-type-fest-unknown-map",
    "prefer-type-fest-unknown-record",
    "prefer-type-fest-unknown-set",
    "prefer-type-fest-unwrap-tagged",
    "prefer-type-fest-value-of",
    "prefer-type-fest-writable",
    "prefer-type-fest-writable-deep",
  ],
}
`;

exports[`plugin contract snapshots > keeps stable preset contract matrix 1`] = `
[
  {
    "configKey": "all",
    "parserOptions": {
      "ecmaVersion": "latest",
      "projectService": true,
      "sourceType": "module",
    },
    "presetName": "typefest:all",
    "ruleCount": 85,
    "ruleIds": [
      "typefest/prefer-ts-extras-array-at",
      "typefest/prefer-ts-extras-array-concat",
      "typefest/prefer-ts-extras-array-find",
      "typefest/prefer-ts-extras-array-find-last",
      "typefest/prefer-ts-extras-array-find-last-index",
      "typefest/prefer-ts-extras-array-first",
      "typefest/prefer-ts-extras-array-includes",
      "typefest/prefer-ts-extras-array-join",
      "typefest/prefer-ts-extras-array-last",
      "typefest/prefer-ts-extras-as-writable",
      "typefest/prefer-ts-extras-assert-defined",
      "typefest/prefer-ts-extras-assert-error",
      "typefest/prefer-ts-extras-assert-present",
      "typefest/prefer-ts-extras-is-defined",
      "typefest/prefer-ts-extras-is-defined-filter",
      "typefest/prefer-ts-extras-is-empty",
      "typefest/prefer-ts-extras-is-equal-type",
      "typefest/prefer-ts-extras-is-finite",
      "typefest/prefer-ts-extras-is-infinite",
      "typefest/prefer-ts-extras-is-integer",
      "typefest/prefer-ts-extras-is-present",
      "typefest/prefer-ts-extras-is-present-filter",
      "typefest/prefer-ts-extras-is-safe-integer",
      "typefest/prefer-ts-extras-key-in",
      "typefest/prefer-ts-extras-not",
      "typefest/prefer-ts-extras-object-entries",
      "typefest/prefer-ts-extras-object-from-entries",
      "typefest/prefer-ts-extras-object-has-in",
      "typefest/prefer-ts-extras-object-has-own",
      "typefest/prefer-ts-extras-object-keys",
      "typefest/prefer-ts-extras-object-values",
      "typefest/prefer-ts-extras-safe-cast-to",
      "typefest/prefer-ts-extras-set-has",
      "typefest/prefer-ts-extras-string-split",
      "typefest/prefer-type-fest-abstract-constructor",
      "typefest/prefer-type-fest-and-all",
      "typefest/prefer-type-fest-array-length",
      "typefest/prefer-type-fest-arrayable",
      "typefest/prefer-type-fest-async-return-type",
      "typefest/prefer-type-fest-conditional-pick",
      "typefest/prefer-type-fest-conditional-pick-deep",
      "typefest/prefer-type-fest-constructor",
      "typefest/prefer-type-fest-except",
      "typefest/prefer-type-fest-if",
      "typefest/prefer-type-fest-iterable-element",
      "typefest/prefer-type-fest-json-array",
      "typefest/prefer-type-fest-json-object",
      "typefest/prefer-type-fest-json-primitive",
      "typefest/prefer-type-fest-json-value",
      "typefest/prefer-type-fest-keys-of-union",
      "typefest/prefer-type-fest-less-than",
      "typefest/prefer-type-fest-less-than-or-equal",
      "typefest/prefer-type-fest-literal-union",
      "typefest/prefer-type-fest-merge-exclusive",
      "typefest/prefer-type-fest-non-empty-tuple",
      "typefest/prefer-type-fest-omit-index-signature",
      "typefest/prefer-type-fest-optional",
      "typefest/prefer-type-fest-or-all",
      "typefest/prefer-type-fest-partial-deep",
      "typefest/prefer-type-fest-primitive",
      "typefest/prefer-type-fest-promisable",
      "typefest/prefer-type-fest-readonly-deep",
      "typefest/prefer-type-fest-require-all-or-none",
      "typefest/prefer-type-fest-require-at-least-one",
      "typefest/prefer-type-fest-require-exactly-one",
      "typefest/prefer-type-fest-require-one-or-none",
      "typefest/prefer-type-fest-required-deep",
      "typefest/prefer-type-fest-schema",
      "typefest/prefer-type-fest-set-non-nullable",
      "typefest/prefer-type-fest-set-optional",
      "typefest/prefer-type-fest-set-readonly",
      "typefest/prefer-type-fest-set-required",
      "typefest/prefer-type-fest-simplify",
      "typefest/prefer-type-fest-tagged-brands",
      "typefest/prefer-type-fest-tuple-of",
      "typefest/prefer-type-fest-union-member",
      "typefest/prefer-type-fest-union-to-tuple",
      "typefest/prefer-type-fest-unknown-array",
      "typefest/prefer-type-fest-unknown-map",
      "typefest/prefer-type-fest-unknown-record",
      "typefest/prefer-type-fest-unknown-set",
      "typefest/prefer-type-fest-unwrap-tagged",
      "typefest/prefer-type-fest-value-of",
      "typefest/prefer-type-fest-writable",
      "typefest/prefer-type-fest-writable-deep",
    ],
  },
  {
    "configKey": "experimental",
    "parserOptions": {
      "ecmaVersion": "latest",
      "projectService": true,
      "sourceType": "module",
    },
    "presetName": "typefest:experimental",
    "ruleCount": 96,
    "ruleIds": [
      "typefest/prefer-ts-extras-array-at",
      "typefest/prefer-ts-extras-array-concat",
      "typefest/prefer-ts-extras-array-find",
      "typefest/prefer-ts-extras-array-find-last",
      "typefest/prefer-ts-extras-array-find-last-index",
      "typefest/prefer-ts-extras-array-first",
      "typefest/prefer-ts-extras-array-includes",
      "typefest/prefer-ts-extras-array-join",
      "typefest/prefer-ts-extras-array-last",
      "typefest/prefer-ts-extras-as-writable",
      "typefest/prefer-ts-extras-assert-defined",
      "typefest/prefer-ts-extras-assert-error",
      "typefest/prefer-ts-extras-assert-present",
      "typefest/prefer-ts-extras-is-defined",
      "typefest/prefer-ts-extras-is-defined-filter",
      "typefest/prefer-ts-extras-is-empty",
      "typefest/prefer-ts-extras-is-equal-type",
      "typefest/prefer-ts-extras-is-finite",
      "typefest/prefer-ts-extras-is-infinite",
      "typefest/prefer-ts-extras-is-integer",
      "typefest/prefer-ts-extras-is-present",
      "typefest/prefer-ts-extras-is-present-filter",
      "typefest/prefer-ts-extras-is-safe-integer",
      "typefest/prefer-ts-extras-key-in",
      "typefest/prefer-ts-extras-not",
      "typefest/prefer-ts-extras-object-entries",
      "typefest/prefer-ts-extras-object-from-entries",
      "typefest/prefer-ts-extras-object-has-in",
      "typefest/prefer-ts-extras-object-has-own",
      "typefest/prefer-ts-extras-object-keys",
      "typefest/prefer-ts-extras-object-map-values",
      "typefest/prefer-ts-extras-object-values",
      "typefest/prefer-ts-extras-safe-cast-to",
      "typefest/prefer-ts-extras-set-has",
      "typefest/prefer-ts-extras-string-split",
      "typefest/prefer-type-fest-abstract-constructor",
      "typefest/prefer-type-fest-and-all",
      "typefest/prefer-type-fest-array-length",
      "typefest/prefer-type-fest-arrayable",
      "typefest/prefer-type-fest-async-return-type",
      "typefest/prefer-type-fest-asyncify",
      "typefest/prefer-type-fest-conditional-except",
      "typefest/prefer-type-fest-conditional-keys",
      "typefest/prefer-type-fest-conditional-pick",
      "typefest/prefer-type-fest-conditional-pick-deep",
      "typefest/prefer-type-fest-constructor",
      "typefest/prefer-type-fest-distributed-omit",
      "typefest/prefer-type-fest-distributed-pick",
      "typefest/prefer-type-fest-except",
      "typefest/prefer-type-fest-if",
      "typefest/prefer-type-fest-iterable-element",
      "typefest/prefer-type-fest-json-array",
      "typefest/prefer-type-fest-json-object",
      "typefest/prefer-type-fest-json-primitive",
      "typefest/prefer-type-fest-json-value",
      "typefest/prefer-type-fest-keys-of-union",
      "typefest/prefer-type-fest-less-than",
      "typefest/prefer-type-fest-less-than-or-equal",
      "typefest/prefer-type-fest-literal-union",
      "typefest/prefer-type-fest-merge",
      "typefest/prefer-type-fest-merge-exclusive",
      "typefest/prefer-type-fest-non-empty-tuple",
      "typefest/prefer-type-fest-omit-index-signature",
      "typefest/prefer-type-fest-optional",
      "typefest/prefer-type-fest-or-all",
      "typefest/prefer-type-fest-partial-deep",
      "typefest/prefer-type-fest-pick-index-signature",
      "typefest/prefer-type-fest-primitive",
      "typefest/prefer-type-fest-promisable",
      "typefest/prefer-type-fest-readonly-deep",
      "typefest/prefer-type-fest-require-all-or-none",
      "typefest/prefer-type-fest-require-at-least-one",
      "typefest/prefer-type-fest-require-exactly-one",
      "typefest/prefer-type-fest-require-one-or-none",
      "typefest/prefer-type-fest-required-deep",
      "typefest/prefer-type-fest-schema",
      "typefest/prefer-type-fest-set-non-nullable",
      "typefest/prefer-type-fest-set-optional",
      "typefest/prefer-type-fest-set-readonly",
      "typefest/prefer-type-fest-set-required",
      "typefest/prefer-type-fest-set-return-type",
      "typefest/prefer-type-fest-simplify",
      "typefest/prefer-type-fest-stringified",
      "typefest/prefer-type-fest-tagged-brands",
      "typefest/prefer-type-fest-tuple-of",
      "typefest/prefer-type-fest-union-member",
      "typefest/prefer-type-fest-union-to-intersection",
      "typefest/prefer-type-fest-union-to-tuple",
      "typefest/prefer-type-fest-unknown-array",
      "typefest/prefer-type-fest-unknown-map",
      "typefest/prefer-type-fest-unknown-record",
      "typefest/prefer-type-fest-unknown-set",
      "typefest/prefer-type-fest-unwrap-tagged",
      "typefest/prefer-type-fest-value-of",
      "typefest/prefer-type-fest-writable",
      "typefest/prefer-type-fest-writable-deep",
    ],
  },
  {
    "configKey": "minimal",
    "parserOptions": {
      "ecmaVersion": "latest",
      "projectService": false,
      "sourceType": "module",
    },
    "presetName": "typefest:minimal",
    "ruleCount": 11,
    "ruleIds": [
      "typefest/prefer-ts-extras-is-defined-filter",
      "typefest/prefer-ts-extras-is-present-filter",
      "typefest/prefer-type-fest-arrayable",
      "typefest/prefer-type-fest-except",
      "typefest/prefer-type-fest-json-array",
      "typefest/prefer-type-fest-json-object",
      "typefest/prefer-type-fest-json-primitive",
      "typefest/prefer-type-fest-json-value",
      "typefest/prefer-type-fest-primitive",
      "typefest/prefer-type-fest-promisable",
      "typefest/prefer-type-fest-unknown-record",
    ],
  },
  {
    "configKey": "recommended",
    "parserOptions": {
      "ecmaVersion": "latest",
      "projectService": false,
      "sourceType": "module",
    },
    "presetName": "typefest:recommended",
    "ruleCount": 65,
    "ruleIds": [
      "typefest/prefer-ts-extras-assert-defined",
      "typefest/prefer-ts-extras-assert-error",
      "typefest/prefer-ts-extras-assert-present",
      "typefest/prefer-ts-extras-is-defined",
      "typefest/prefer-ts-extras-is-defined-filter",
      "typefest/prefer-ts-extras-is-finite",
      "typefest/prefer-ts-extras-is-infinite",
      "typefest/prefer-ts-extras-is-integer",
      "typefest/prefer-ts-extras-is-present",
      "typefest/prefer-ts-extras-is-present-filter",
      "typefest/prefer-ts-extras-is-safe-integer",
      "typefest/prefer-ts-extras-key-in",
      "typefest/prefer-ts-extras-not",
      "typefest/prefer-ts-extras-object-has-in",
      "typefest/prefer-ts-extras-object-has-own",
      "typefest/prefer-type-fest-abstract-constructor",
      "typefest/prefer-type-fest-and-all",
      "typefest/prefer-type-fest-arrayable",
      "typefest/prefer-type-fest-async-return-type",
      "typefest/prefer-type-fest-conditional-pick",
      "typefest/prefer-type-fest-conditional-pick-deep",
      "typefest/prefer-type-fest-constructor",
      "typefest/prefer-type-fest-except",
      "typefest/prefer-type-fest-if",
      "typefest/prefer-type-fest-iterable-element",
      "typefest/prefer-type-fest-json-array",
      "typefest/prefer-type-fest-json-object",
      "typefest/prefer-type-fest-json-primitive",
      "typefest/prefer-type-fest-json-value",
      "typefest/prefer-type-fest-keys-of-union",
      "typefest/prefer-type-fest-less-than",
      "typefest/prefer-type-fest-less-than-or-equal",
      "typefest/prefer-type-fest-literal-union",
      "typefest/prefer-type-fest-merge-exclusive",
      "typefest/prefer-type-fest-non-empty-tuple",
      "typefest/prefer-type-fest-omit-index-signature",
      "typefest/prefer-type-fest-optional",
      "typefest/prefer-type-fest-or-all",
      "typefest/prefer-type-fest-partial-deep",
      "typefest/prefer-type-fest-primitive",
      "typefest/prefer-type-fest-promisable",
      "typefest/prefer-type-fest-readonly-deep",
      "typefest/prefer-type-fest-require-all-or-none",
      "typefest/prefer-type-fest-require-at-least-one",
      "typefest/prefer-type-fest-require-exactly-one",
      "typefest/prefer-type-fest-require-one-or-none",
      "typefest/prefer-type-fest-required-deep",
      "typefest/prefer-type-fest-schema",
      "typefest/prefer-type-fest-set-non-nullable",
      "typefest/prefer-type-fest-set-optional",
      "typefest/prefer-type-fest-set-readonly",
      "typefest/prefer-type-fest-set-required",
      "typefest/prefer-type-fest-simplify",
      "typefest/prefer-type-fest-tagged-brands",
      "typefest/prefer-type-fest-tuple-of",
      "typefest/prefer-type-fest-union-member",
      "typefest/prefer-type-fest-union-to-tuple",
      "typefest/prefer-type-fest-unknown-array",
      "typefest/prefer-type-fest-unknown-map",
      "typefest/prefer-type-fest-unknown-record",
      "typefest/prefer-type-fest-unknown-set",
      "typefest/prefer-type-fest-unwrap-tagged",
      "typefest/prefer-type-fest-value-of",
      "typefest/prefer-type-fest-writable",
      "typefest/prefer-type-fest-writable-deep",
    ],
  },
  {
    "configKey": "recommended-type-checked",
    "parserOptions": {
      "ecmaVersion": "latest",
      "projectService": true,
      "sourceType": "module",
    },
    "presetName": "typefest:recommended-type-checked",
    "ruleCount": 71,
    "ruleIds": [
      "typefest/prefer-ts-extras-array-includes",
      "typefest/prefer-ts-extras-array-last",
      "typefest/prefer-ts-extras-assert-defined",
      "typefest/prefer-ts-extras-assert-error",
      "typefest/prefer-ts-extras-assert-present",
      "typefest/prefer-ts-extras-is-defined",
      "typefest/prefer-ts-extras-is-defined-filter",
      "typefest/prefer-ts-extras-is-empty",
      "typefest/prefer-ts-extras-is-finite",
      "typefest/prefer-ts-extras-is-infinite",
      "typefest/prefer-ts-extras-is-integer",
      "typefest/prefer-ts-extras-is-present",
      "typefest/prefer-ts-extras-is-present-filter",
      "typefest/prefer-ts-extras-is-safe-integer",
      "typefest/prefer-ts-extras-key-in",
      "typefest/prefer-ts-extras-not",
      "typefest/prefer-ts-extras-object-has-in",
      "typefest/prefer-ts-extras-object-has-own",
      "typefest/prefer-ts-extras-safe-cast-to",
      "typefest/prefer-ts-extras-set-has",
      "typefest/prefer-type-fest-abstract-constructor",
      "typefest/prefer-type-fest-and-all",
      "typefest/prefer-type-fest-array-length",
      "typefest/prefer-type-fest-arrayable",
      "typefest/prefer-type-fest-async-return-type",
      "typefest/prefer-type-fest-conditional-pick",
      "typefest/prefer-type-fest-conditional-pick-deep",
      "typefest/prefer-type-fest-constructor",
      "typefest/prefer-type-fest-except",
      "typefest/prefer-type-fest-if",
      "typefest/prefer-type-fest-iterable-element",
      "typefest/prefer-type-fest-json-array",
      "typefest/prefer-type-fest-json-object",
      "typefest/prefer-type-fest-json-primitive",
      "typefest/prefer-type-fest-json-value",
      "typefest/prefer-type-fest-keys-of-union",
      "typefest/prefer-type-fest-less-than",
      "typefest/prefer-type-fest-less-than-or-equal",
      "typefest/prefer-type-fest-literal-union",
      "typefest/prefer-type-fest-merge-exclusive",
      "typefest/prefer-type-fest-non-empty-tuple",
      "typefest/prefer-type-fest-omit-index-signature",
      "typefest/prefer-type-fest-optional",
      "typefest/prefer-type-fest-or-all",
      "typefest/prefer-type-fest-partial-deep",
      "typefest/prefer-type-fest-primitive",
      "typefest/prefer-type-fest-promisable",
      "typefest/prefer-type-fest-readonly-deep",
      "typefest/prefer-type-fest-require-all-or-none",
      "typefest/prefer-type-fest-require-at-least-one",
      "typefest/prefer-type-fest-require-exactly-one",
      "typefest/prefer-type-fest-require-one-or-none",
      "typefest/prefer-type-fest-required-deep",
      "typefest/prefer-type-fest-schema",
      "typefest/prefer-type-fest-set-non-nullable",
      "typefest/prefer-type-fest-set-optional",
      "typefest/prefer-type-fest-set-readonly",
      "typefest/prefer-type-fest-set-required",
      "typefest/prefer-type-fest-simplify",
      "typefest/prefer-type-fest-tagged-brands",
      "typefest/prefer-type-fest-tuple-of",
      "typefest/prefer-type-fest-union-member",
      "typefest/prefer-type-fest-union-to-tuple",
      "typefest/prefer-type-fest-unknown-array",
      "typefest/prefer-type-fest-unknown-map",
      "typefest/prefer-type-fest-unknown-record",
      "typefest/prefer-type-fest-unknown-set",
      "typefest/prefer-type-fest-unwrap-tagged",
      "typefest/prefer-type-fest-value-of",
      "typefest/prefer-type-fest-writable",
      "typefest/prefer-type-fest-writable-deep",
    ],
  },
  {
    "configKey": "strict",
    "parserOptions": {
      "ecmaVersion": "latest",
      "projectService": true,
      "sourceType": "module",
    },
    "presetName": "typefest:strict",
    "ruleCount": 82,
    "ruleIds": [
      "typefest/prefer-ts-extras-array-at",
      "typefest/prefer-ts-extras-array-concat",
      "typefest/prefer-ts-extras-array-find-last",
      "typefest/prefer-ts-extras-array-first",
      "typefest/prefer-ts-extras-array-includes",
      "typefest/prefer-ts-extras-array-join",
      "typefest/prefer-ts-extras-array-last",
      "typefest/prefer-ts-extras-as-writable",
      "typefest/prefer-ts-extras-assert-defined",
      "typefest/prefer-ts-extras-assert-error",
      "typefest/prefer-ts-extras-assert-present",
      "typefest/prefer-ts-extras-is-defined",
      "typefest/prefer-ts-extras-is-defined-filter",
      "typefest/prefer-ts-extras-is-empty",
      "typefest/prefer-ts-extras-is-finite",
      "typefest/prefer-ts-extras-is-infinite",
      "typefest/prefer-ts-extras-is-integer",
      "typefest/prefer-ts-extras-is-present",
      "typefest/prefer-ts-extras-is-present-filter",
      "typefest/prefer-ts-extras-is-safe-integer",
      "typefest/prefer-ts-extras-key-in",
      "typefest/prefer-ts-extras-not",
      "typefest/prefer-ts-extras-object-entries",
      "typefest/prefer-ts-extras-object-from-entries",
      "typefest/prefer-ts-extras-object-has-in",
      "typefest/prefer-ts-extras-object-has-own",
      "typefest/prefer-ts-extras-object-keys",
      "typefest/prefer-ts-extras-object-values",
      "typefest/prefer-ts-extras-safe-cast-to",
      "typefest/prefer-ts-extras-set-has",
      "typefest/prefer-ts-extras-string-split",
      "typefest/prefer-type-fest-abstract-constructor",
      "typefest/prefer-type-fest-and-all",
      "typefest/prefer-type-fest-array-length",
      "typefest/prefer-type-fest-arrayable",
      "typefest/prefer-type-fest-async-return-type",
      "typefest/prefer-type-fest-conditional-pick",
      "typefest/prefer-type-fest-conditional-pick-deep",
      "typefest/prefer-type-fest-constructor",
      "typefest/prefer-type-fest-except",
      "typefest/prefer-type-fest-if",
      "typefest/prefer-type-fest-iterable-element",
      "typefest/prefer-type-fest-json-array",
      "typefest/prefer-type-fest-json-object",
      "typefest/prefer-type-fest-json-primitive",
      "typefest/prefer-type-fest-json-value",
      "typefest/prefer-type-fest-keys-of-union",
      "typefest/prefer-type-fest-less-than",
      "typefest/prefer-type-fest-less-than-or-equal",
      "typefest/prefer-type-fest-literal-union",
      "typefest/prefer-type-fest-merge-exclusive",
      "typefest/prefer-type-fest-non-empty-tuple",
      "typefest/prefer-type-fest-omit-index-signature",
      "typefest/prefer-type-fest-optional",
      "typefest/prefer-type-fest-or-all",
      "typefest/prefer-type-fest-partial-deep",
      "typefest/prefer-type-fest-primitive",
      "typefest/prefer-type-fest-promisable",
      "typefest/prefer-type-fest-readonly-deep",
      "typefest/prefer-type-fest-require-all-or-none",
      "typefest/prefer-type-fest-require-at-least-one",
      "typefest/prefer-type-fest-require-exactly-one",
      "typefest/prefer-type-fest-require-one-or-none",
      "typefest/prefer-type-fest-required-deep",
      "typefest/prefer-type-fest-schema",
      "typefest/prefer-type-fest-set-non-nullable",
      "typefest/prefer-type-fest-set-optional",
      "typefest/prefer-type-fest-set-readonly",
      "typefest/prefer-type-fest-set-required",
      "typefest/prefer-type-fest-simplify",
      "typefest/prefer-type-fest-tagged-brands",
      "typefest/prefer-type-fest-tuple-of",
      "typefest/prefer-type-fest-union-member",
      "typefest/prefer-type-fest-union-to-tuple",
      "typefest/prefer-type-fest-unknown-array",
      "typefest/prefer-type-fest-unknown-map",
      "typefest/prefer-type-fest-unknown-record",
      "typefest/prefer-type-fest-unknown-set",
      "typefest/prefer-type-fest-unwrap-tagged",
      "typefest/prefer-type-fest-value-of",
      "typefest/prefer-type-fest-writable",
      "typefest/prefer-type-fest-writable-deep",
    ],
  },
  {
    "configKey": "ts-extras/type-guards",
    "parserOptions": {
      "ecmaVersion": "latest",
      "projectService": true,
      "sourceType": "module",
    },
    "presetName": "typefest:ts-extras/type-guards",
    "ruleCount": 19,
    "ruleIds": [
      "typefest/prefer-ts-extras-array-includes",
      "typefest/prefer-ts-extras-assert-defined",
      "typefest/prefer-ts-extras-assert-error",
      "typefest/prefer-ts-extras-assert-present",
      "typefest/prefer-ts-extras-is-defined",
      "typefest/prefer-ts-extras-is-defined-filter",
      "typefest/prefer-ts-extras-is-empty",
      "typefest/prefer-ts-extras-is-finite",
      "typefest/prefer-ts-extras-is-infinite",
      "typefest/prefer-ts-extras-is-integer",
      "typefest/prefer-ts-extras-is-present",
      "typefest/prefer-ts-extras-is-present-filter",
      "typefest/prefer-ts-extras-is-safe-integer",
      "typefest/prefer-ts-extras-key-in",
      "typefest/prefer-ts-extras-not",
      "typefest/prefer-ts-extras-object-has-in",
      "typefest/prefer-ts-extras-object-has-own",
      "typefest/prefer-ts-extras-safe-cast-to",
      "typefest/prefer-ts-extras-set-has",
    ],
  },
  {
    "configKey": "type-fest/types",
    "parserOptions": {
      "ecmaVersion": "latest",
      "projectService": false,
      "sourceType": "module",
    },
    "presetName": "typefest:type-fest/types",
    "ruleCount": 50,
    "ruleIds": [
      "typefest/prefer-type-fest-abstract-constructor",
      "typefest/prefer-type-fest-and-all",
      "typefest/prefer-type-fest-arrayable",
      "typefest/prefer-type-fest-async-return-type",
      "typefest/prefer-type-fest-conditional-pick",
      "typefest/prefer-type-fest-conditional-pick-deep",
      "typefest/prefer-type-fest-constructor",
      "typefest/prefer-type-fest-except",
      "typefest/prefer-type-fest-if",
      "typefest/prefer-type-fest-iterable-element",
      "typefest/prefer-type-fest-json-array",
      "typefest/prefer-type-fest-json-object",
      "typefest/prefer-type-fest-json-primitive",
      "typefest/prefer-type-fest-json-value",
      "typefest/prefer-type-fest-keys-of-union",
      "typefest/prefer-type-fest-less-than",
      "typefest/prefer-type-fest-less-than-or-equal",
      "typefest/prefer-type-fest-literal-union",
      "typefest/prefer-type-fest-merge-exclusive",
      "typefest/prefer-type-fest-non-empty-tuple",
      "typefest/prefer-type-fest-omit-index-signature",
      "typefest/prefer-type-fest-optional",
      "typefest/prefer-type-fest-or-all",
      "typefest/prefer-type-fest-partial-deep",
      "typefest/prefer-type-fest-primitive",
      "typefest/prefer-type-fest-promisable",
      "typefest/prefer-type-fest-readonly-deep",
      "typefest/prefer-type-fest-require-all-or-none",
      "typefest/prefer-type-fest-require-at-least-one",
      "typefest/prefer-type-fest-require-exactly-one",
      "typefest/prefer-type-fest-require-one-or-none",
      "typefest/prefer-type-fest-required-deep",
      "typefest/prefer-type-fest-schema",
      "typefest/prefer-type-fest-set-non-nullable",
      "typefest/prefer-type-fest-set-optional",
      "typefest/prefer-type-fest-set-readonly",
      "typefest/prefer-type-fest-set-required",
      "typefest/prefer-type-fest-simplify",
      "typefest/prefer-type-fest-tagged-brands",
      "typefest/prefer-type-fest-tuple-of",
      "typefest/prefer-type-fest-union-member",
      "typefest/prefer-type-fest-union-to-tuple",
      "typefest/prefer-type-fest-unknown-array",
      "typefest/prefer-type-fest-unknown-map",
      "typefest/prefer-type-fest-unknown-record",
      "typefest/prefer-type-fest-unknown-set",
      "typefest/prefer-type-fest-unwrap-tagged",
      "typefest/prefer-type-fest-value-of",
      "typefest/prefer-type-fest-writable",
      "typefest/prefer-type-fest-writable-deep",
    ],
  },
]
`;
