// Vitest Snapshot v1, https://vitest.dev/guide/snapshot.html

exports[`rule metadata snapshots > keeps normalized rule metadata contract stable 1`] = `
[
  {
    "defaultOptionsLength": 0,
    "docs": {
      "recommended": false,
      "requiresTypeChecking": true,
      "ruleId": "R001",
      "ruleNumber": 1,
      "typefestConfigs": [
        "typefest.configs.all",
        "typefest.configs.strict",
      ],
      "url": "https://nick2bad4u.github.io/eslint-plugin-typefest/docs/rules/prefer-ts-extras-array-at",
    },
    "fixable": "code",
    "hasSuggestions": false,
    "messageIds": [
      "preferTsExtrasArrayAt",
    ],
    "ruleId": "prefer-ts-extras-array-at",
    "schemaLength": 0,
    "type": "suggestion",
  },
  {
    "defaultOptionsLength": 0,
    "docs": {
      "recommended": false,
      "requiresTypeChecking": true,
      "ruleId": "R002",
      "ruleNumber": 2,
      "typefestConfigs": [
        "typefest.configs.all",
        "typefest.configs.strict",
      ],
      "url": "https://nick2bad4u.github.io/eslint-plugin-typefest/docs/rules/prefer-ts-extras-array-concat",
    },
    "fixable": "code",
    "hasSuggestions": false,
    "messageIds": [
      "preferTsExtrasArrayConcat",
    ],
    "ruleId": "prefer-ts-extras-array-concat",
    "schemaLength": 0,
    "type": "suggestion",
  },
  {
    "defaultOptionsLength": 0,
    "docs": {
      "recommended": false,
      "requiresTypeChecking": true,
      "ruleId": "R003",
      "ruleNumber": 3,
      "typefestConfigs": [
        "typefest.configs.all",
      ],
      "url": "https://nick2bad4u.github.io/eslint-plugin-typefest/docs/rules/prefer-ts-extras-array-find",
    },
    "fixable": "code",
    "hasSuggestions": false,
    "messageIds": [
      "preferTsExtrasArrayFind",
    ],
    "ruleId": "prefer-ts-extras-array-find",
    "schemaLength": 0,
    "type": "suggestion",
  },
  {
    "defaultOptionsLength": 0,
    "docs": {
      "recommended": false,
      "requiresTypeChecking": true,
      "ruleId": "R004",
      "ruleNumber": 4,
      "typefestConfigs": [
        "typefest.configs.all",
        "typefest.configs.strict",
      ],
      "url": "https://nick2bad4u.github.io/eslint-plugin-typefest/docs/rules/prefer-ts-extras-array-find-last",
    },
    "fixable": "code",
    "hasSuggestions": false,
    "messageIds": [
      "preferTsExtrasArrayFindLast",
    ],
    "ruleId": "prefer-ts-extras-array-find-last",
    "schemaLength": 0,
    "type": "suggestion",
  },
  {
    "defaultOptionsLength": 0,
    "docs": {
      "recommended": false,
      "requiresTypeChecking": true,
      "ruleId": "R005",
      "ruleNumber": 5,
      "typefestConfigs": [
        "typefest.configs.all",
      ],
      "url": "https://nick2bad4u.github.io/eslint-plugin-typefest/docs/rules/prefer-ts-extras-array-find-last-index",
    },
    "fixable": "code",
    "hasSuggestions": false,
    "messageIds": [
      "preferTsExtrasArrayFindLastIndex",
    ],
    "ruleId": "prefer-ts-extras-array-find-last-index",
    "schemaLength": 0,
    "type": "suggestion",
  },
  {
    "defaultOptionsLength": 0,
    "docs": {
      "recommended": false,
      "requiresTypeChecking": true,
      "ruleId": "R006",
      "ruleNumber": 6,
      "typefestConfigs": [
        "typefest.configs.all",
        "typefest.configs.strict",
      ],
      "url": "https://nick2bad4u.github.io/eslint-plugin-typefest/docs/rules/prefer-ts-extras-array-first",
    },
    "fixable": "code",
    "hasSuggestions": true,
    "messageIds": [
      "preferTsExtrasArrayFirst",
      "suggestTsExtrasArrayFirst",
    ],
    "ruleId": "prefer-ts-extras-array-first",
    "schemaLength": 0,
    "type": "suggestion",
  },
  {
    "defaultOptionsLength": 0,
    "docs": {
      "recommended": false,
      "requiresTypeChecking": true,
      "ruleId": "R007",
      "ruleNumber": 7,
      "typefestConfigs": [
        "typefest.configs.all",
        "typefest.configs.recommended-type-checked",
        "typefest.configs.strict",
        "typefest.configs.ts-extras/type-guards",
      ],
      "url": "https://nick2bad4u.github.io/eslint-plugin-typefest/docs/rules/prefer-ts-extras-array-includes",
    },
    "fixable": "code",
    "hasSuggestions": true,
    "messageIds": [
      "preferTsExtrasArrayIncludes",
      "suggestTsExtrasArrayIncludes",
    ],
    "ruleId": "prefer-ts-extras-array-includes",
    "schemaLength": 0,
    "type": "suggestion",
  },
  {
    "defaultOptionsLength": 0,
    "docs": {
      "recommended": false,
      "requiresTypeChecking": true,
      "ruleId": "R008",
      "ruleNumber": 8,
      "typefestConfigs": [
        "typefest.configs.all",
        "typefest.configs.strict",
      ],
      "url": "https://nick2bad4u.github.io/eslint-plugin-typefest/docs/rules/prefer-ts-extras-array-join",
    },
    "fixable": "code",
    "hasSuggestions": false,
    "messageIds": [
      "preferTsExtrasArrayJoin",
    ],
    "ruleId": "prefer-ts-extras-array-join",
    "schemaLength": 0,
    "type": "suggestion",
  },
  {
    "defaultOptionsLength": 0,
    "docs": {
      "recommended": false,
      "requiresTypeChecking": true,
      "ruleId": "R009",
      "ruleNumber": 9,
      "typefestConfigs": [
        "typefest.configs.all",
        "typefest.configs.recommended-type-checked",
        "typefest.configs.strict",
      ],
      "url": "https://nick2bad4u.github.io/eslint-plugin-typefest/docs/rules/prefer-ts-extras-array-last",
    },
    "fixable": "code",
    "hasSuggestions": true,
    "messageIds": [
      "preferTsExtrasArrayLast",
      "suggestTsExtrasArrayLast",
    ],
    "ruleId": "prefer-ts-extras-array-last",
    "schemaLength": 0,
    "type": "suggestion",
  },
  {
    "defaultOptionsLength": 0,
    "docs": {
      "recommended": false,
      "requiresTypeChecking": false,
      "ruleId": "R010",
      "ruleNumber": 10,
      "typefestConfigs": [
        "typefest.configs.all",
        "typefest.configs.strict",
      ],
      "url": "https://nick2bad4u.github.io/eslint-plugin-typefest/docs/rules/prefer-ts-extras-as-writable",
    },
    "fixable": "code",
    "hasSuggestions": false,
    "messageIds": [
      "preferTsExtrasAsWritable",
    ],
    "ruleId": "prefer-ts-extras-as-writable",
    "schemaLength": 0,
    "type": "suggestion",
  },
  {
    "defaultOptionsLength": 0,
    "docs": {
      "recommended": true,
      "requiresTypeChecking": false,
      "ruleId": "R011",
      "ruleNumber": 11,
      "typefestConfigs": [
        "typefest.configs.all",
        "typefest.configs.recommended",
        "typefest.configs.strict",
        "typefest.configs.ts-extras/type-guards",
      ],
      "url": "https://nick2bad4u.github.io/eslint-plugin-typefest/docs/rules/prefer-ts-extras-assert-defined",
    },
    "fixable": "code",
    "hasSuggestions": true,
    "messageIds": [
      "preferTsExtrasAssertDefined",
      "suggestTsExtrasAssertDefined",
    ],
    "ruleId": "prefer-ts-extras-assert-defined",
    "schemaLength": 0,
    "type": "suggestion",
  },
  {
    "defaultOptionsLength": 0,
    "docs": {
      "recommended": true,
      "requiresTypeChecking": false,
      "ruleId": "R012",
      "ruleNumber": 12,
      "typefestConfigs": [
        "typefest.configs.all",
        "typefest.configs.recommended",
        "typefest.configs.strict",
        "typefest.configs.ts-extras/type-guards",
      ],
      "url": "https://nick2bad4u.github.io/eslint-plugin-typefest/docs/rules/prefer-ts-extras-assert-error",
    },
    "fixable": null,
    "hasSuggestions": true,
    "messageIds": [
      "preferTsExtrasAssertError",
      "suggestTsExtrasAssertError",
    ],
    "ruleId": "prefer-ts-extras-assert-error",
    "schemaLength": 0,
    "type": "suggestion",
  },
  {
    "defaultOptionsLength": 0,
    "docs": {
      "recommended": true,
      "requiresTypeChecking": false,
      "ruleId": "R013",
      "ruleNumber": 13,
      "typefestConfigs": [
        "typefest.configs.all",
        "typefest.configs.recommended",
        "typefest.configs.strict",
        "typefest.configs.ts-extras/type-guards",
      ],
      "url": "https://nick2bad4u.github.io/eslint-plugin-typefest/docs/rules/prefer-ts-extras-assert-present",
    },
    "fixable": "code",
    "hasSuggestions": true,
    "messageIds": [
      "preferTsExtrasAssertPresent",
      "suggestTsExtrasAssertPresent",
    ],
    "ruleId": "prefer-ts-extras-assert-present",
    "schemaLength": 0,
    "type": "suggestion",
  },
  {
    "defaultOptionsLength": 0,
    "docs": {
      "recommended": true,
      "requiresTypeChecking": false,
      "ruleId": "R014",
      "ruleNumber": 14,
      "typefestConfigs": [
        "typefest.configs.all",
        "typefest.configs.recommended",
        "typefest.configs.strict",
        "typefest.configs.ts-extras/type-guards",
      ],
      "url": "https://nick2bad4u.github.io/eslint-plugin-typefest/docs/rules/prefer-ts-extras-is-defined",
    },
    "fixable": "code",
    "hasSuggestions": false,
    "messageIds": [
      "preferTsExtrasIsDefined",
      "preferTsExtrasIsDefinedNegated",
    ],
    "ruleId": "prefer-ts-extras-is-defined",
    "schemaLength": 0,
    "type": "suggestion",
  },
  {
    "defaultOptionsLength": 0,
    "docs": {
      "recommended": true,
      "requiresTypeChecking": false,
      "ruleId": "R015",
      "ruleNumber": 15,
      "typefestConfigs": [
        "typefest.configs.all",
        "typefest.configs.minimal",
        "typefest.configs.recommended",
        "typefest.configs.strict",
        "typefest.configs.ts-extras/type-guards",
      ],
      "url": "https://nick2bad4u.github.io/eslint-plugin-typefest/docs/rules/prefer-ts-extras-is-defined-filter",
    },
    "fixable": "code",
    "hasSuggestions": false,
    "messageIds": [
      "preferTsExtrasIsDefinedFilter",
    ],
    "ruleId": "prefer-ts-extras-is-defined-filter",
    "schemaLength": 0,
    "type": "suggestion",
  },
  {
    "defaultOptionsLength": 0,
    "docs": {
      "recommended": false,
      "requiresTypeChecking": true,
      "ruleId": "R016",
      "ruleNumber": 16,
      "typefestConfigs": [
        "typefest.configs.all",
        "typefest.configs.recommended-type-checked",
        "typefest.configs.strict",
        "typefest.configs.ts-extras/type-guards",
      ],
      "url": "https://nick2bad4u.github.io/eslint-plugin-typefest/docs/rules/prefer-ts-extras-is-empty",
    },
    "fixable": "code",
    "hasSuggestions": false,
    "messageIds": [
      "preferTsExtrasIsEmpty",
    ],
    "ruleId": "prefer-ts-extras-is-empty",
    "schemaLength": 0,
    "type": "suggestion",
  },
  {
    "defaultOptionsLength": 0,
    "docs": {
      "recommended": false,
      "requiresTypeChecking": false,
      "ruleId": "R017",
      "ruleNumber": 17,
      "typefestConfigs": [
        "typefest.configs.all",
      ],
      "url": "https://nick2bad4u.github.io/eslint-plugin-typefest/docs/rules/prefer-ts-extras-is-equal-type",
    },
    "fixable": null,
    "hasSuggestions": true,
    "messageIds": [
      "preferTsExtrasIsEqualType",
      "suggestTsExtrasIsEqualType",
    ],
    "ruleId": "prefer-ts-extras-is-equal-type",
    "schemaLength": 0,
    "type": "suggestion",
  },
  {
    "defaultOptionsLength": 0,
    "docs": {
      "recommended": true,
      "requiresTypeChecking": false,
      "ruleId": "R018",
      "ruleNumber": 18,
      "typefestConfigs": [
        "typefest.configs.all",
        "typefest.configs.recommended",
        "typefest.configs.strict",
        "typefest.configs.ts-extras/type-guards",
      ],
      "url": "https://nick2bad4u.github.io/eslint-plugin-typefest/docs/rules/prefer-ts-extras-is-finite",
    },
    "fixable": "code",
    "hasSuggestions": false,
    "messageIds": [
      "preferTsExtrasIsFinite",
    ],
    "ruleId": "prefer-ts-extras-is-finite",
    "schemaLength": 0,
    "type": "suggestion",
  },
  {
    "defaultOptionsLength": 0,
    "docs": {
      "recommended": true,
      "requiresTypeChecking": false,
      "ruleId": "R019",
      "ruleNumber": 19,
      "typefestConfigs": [
        "typefest.configs.all",
        "typefest.configs.recommended",
        "typefest.configs.strict",
        "typefest.configs.ts-extras/type-guards",
      ],
      "url": "https://nick2bad4u.github.io/eslint-plugin-typefest/docs/rules/prefer-ts-extras-is-infinite",
    },
    "fixable": "code",
    "hasSuggestions": false,
    "messageIds": [
      "preferTsExtrasIsInfinite",
    ],
    "ruleId": "prefer-ts-extras-is-infinite",
    "schemaLength": 0,
    "type": "suggestion",
  },
  {
    "defaultOptionsLength": 0,
    "docs": {
      "recommended": true,
      "requiresTypeChecking": false,
      "ruleId": "R020",
      "ruleNumber": 20,
      "typefestConfigs": [
        "typefest.configs.all",
        "typefest.configs.recommended",
        "typefest.configs.strict",
        "typefest.configs.ts-extras/type-guards",
      ],
      "url": "https://nick2bad4u.github.io/eslint-plugin-typefest/docs/rules/prefer-ts-extras-is-integer",
    },
    "fixable": "code",
    "hasSuggestions": false,
    "messageIds": [
      "preferTsExtrasIsInteger",
    ],
    "ruleId": "prefer-ts-extras-is-integer",
    "schemaLength": 0,
    "type": "suggestion",
  },
  {
    "defaultOptionsLength": 0,
    "docs": {
      "recommended": true,
      "requiresTypeChecking": false,
      "ruleId": "R021",
      "ruleNumber": 21,
      "typefestConfigs": [
        "typefest.configs.all",
        "typefest.configs.recommended",
        "typefest.configs.strict",
        "typefest.configs.ts-extras/type-guards",
      ],
      "url": "https://nick2bad4u.github.io/eslint-plugin-typefest/docs/rules/prefer-ts-extras-is-present",
    },
    "fixable": "code",
    "hasSuggestions": false,
    "messageIds": [
      "preferTsExtrasIsPresent",
      "preferTsExtrasIsPresentNegated",
    ],
    "ruleId": "prefer-ts-extras-is-present",
    "schemaLength": 0,
    "type": "suggestion",
  },
  {
    "defaultOptionsLength": 0,
    "docs": {
      "recommended": true,
      "requiresTypeChecking": false,
      "ruleId": "R022",
      "ruleNumber": 22,
      "typefestConfigs": [
        "typefest.configs.all",
        "typefest.configs.minimal",
        "typefest.configs.recommended",
        "typefest.configs.strict",
        "typefest.configs.ts-extras/type-guards",
      ],
      "url": "https://nick2bad4u.github.io/eslint-plugin-typefest/docs/rules/prefer-ts-extras-is-present-filter",
    },
    "fixable": "code",
    "hasSuggestions": false,
    "messageIds": [
      "preferTsExtrasIsPresentFilter",
    ],
    "ruleId": "prefer-ts-extras-is-present-filter",
    "schemaLength": 0,
    "type": "suggestion",
  },
  {
    "defaultOptionsLength": 0,
    "docs": {
      "recommended": true,
      "requiresTypeChecking": false,
      "ruleId": "R023",
      "ruleNumber": 23,
      "typefestConfigs": [
        "typefest.configs.all",
        "typefest.configs.recommended",
        "typefest.configs.strict",
        "typefest.configs.ts-extras/type-guards",
      ],
      "url": "https://nick2bad4u.github.io/eslint-plugin-typefest/docs/rules/prefer-ts-extras-is-safe-integer",
    },
    "fixable": "code",
    "hasSuggestions": false,
    "messageIds": [
      "preferTsExtrasIsSafeInteger",
    ],
    "ruleId": "prefer-ts-extras-is-safe-integer",
    "schemaLength": 0,
    "type": "suggestion",
  },
  {
    "defaultOptionsLength": 0,
    "docs": {
      "recommended": true,
      "requiresTypeChecking": false,
      "ruleId": "R024",
      "ruleNumber": 24,
      "typefestConfigs": [
        "typefest.configs.all",
        "typefest.configs.recommended",
        "typefest.configs.strict",
        "typefest.configs.ts-extras/type-guards",
      ],
      "url": "https://nick2bad4u.github.io/eslint-plugin-typefest/docs/rules/prefer-ts-extras-key-in",
    },
    "fixable": "code",
    "hasSuggestions": false,
    "messageIds": [
      "preferTsExtrasKeyIn",
    ],
    "ruleId": "prefer-ts-extras-key-in",
    "schemaLength": 0,
    "type": "suggestion",
  },
  {
    "defaultOptionsLength": 0,
    "docs": {
      "recommended": true,
      "requiresTypeChecking": false,
      "ruleId": "R025",
      "ruleNumber": 25,
      "typefestConfigs": [
        "typefest.configs.all",
        "typefest.configs.recommended",
        "typefest.configs.strict",
        "typefest.configs.ts-extras/type-guards",
      ],
      "url": "https://nick2bad4u.github.io/eslint-plugin-typefest/docs/rules/prefer-ts-extras-not",
    },
    "fixable": "code",
    "hasSuggestions": false,
    "messageIds": [
      "preferTsExtrasNot",
    ],
    "ruleId": "prefer-ts-extras-not",
    "schemaLength": 0,
    "type": "suggestion",
  },
  {
    "defaultOptionsLength": 0,
    "docs": {
      "recommended": false,
      "requiresTypeChecking": false,
      "ruleId": "R026",
      "ruleNumber": 26,
      "typefestConfigs": [
        "typefest.configs.all",
        "typefest.configs.strict",
      ],
      "url": "https://nick2bad4u.github.io/eslint-plugin-typefest/docs/rules/prefer-ts-extras-object-entries",
    },
    "fixable": "code",
    "hasSuggestions": false,
    "messageIds": [
      "preferTsExtrasObjectEntries",
    ],
    "ruleId": "prefer-ts-extras-object-entries",
    "schemaLength": 0,
    "type": "suggestion",
  },
  {
    "defaultOptionsLength": 0,
    "docs": {
      "recommended": false,
      "requiresTypeChecking": false,
      "ruleId": "R027",
      "ruleNumber": 27,
      "typefestConfigs": [
        "typefest.configs.all",
        "typefest.configs.strict",
      ],
      "url": "https://nick2bad4u.github.io/eslint-plugin-typefest/docs/rules/prefer-ts-extras-object-from-entries",
    },
    "fixable": "code",
    "hasSuggestions": false,
    "messageIds": [
      "preferTsExtrasObjectFromEntries",
    ],
    "ruleId": "prefer-ts-extras-object-from-entries",
    "schemaLength": 0,
    "type": "suggestion",
  },
  {
    "defaultOptionsLength": 0,
    "docs": {
      "recommended": true,
      "requiresTypeChecking": false,
      "ruleId": "R028",
      "ruleNumber": 28,
      "typefestConfigs": [
        "typefest.configs.all",
        "typefest.configs.recommended",
        "typefest.configs.strict",
        "typefest.configs.ts-extras/type-guards",
      ],
      "url": "https://nick2bad4u.github.io/eslint-plugin-typefest/docs/rules/prefer-ts-extras-object-has-in",
    },
    "fixable": "code",
    "hasSuggestions": true,
    "messageIds": [
      "preferTsExtrasObjectHasIn",
      "suggestTsExtrasObjectHasIn",
    ],
    "ruleId": "prefer-ts-extras-object-has-in",
    "schemaLength": 0,
    "type": "suggestion",
  },
  {
    "defaultOptionsLength": 0,
    "docs": {
      "recommended": true,
      "requiresTypeChecking": false,
      "ruleId": "R029",
      "ruleNumber": 29,
      "typefestConfigs": [
        "typefest.configs.all",
        "typefest.configs.recommended",
        "typefest.configs.strict",
        "typefest.configs.ts-extras/type-guards",
      ],
      "url": "https://nick2bad4u.github.io/eslint-plugin-typefest/docs/rules/prefer-ts-extras-object-has-own",
    },
    "fixable": "code",
    "hasSuggestions": true,
    "messageIds": [
      "preferTsExtrasObjectHasOwn",
      "suggestTsExtrasObjectHasOwn",
    ],
    "ruleId": "prefer-ts-extras-object-has-own",
    "schemaLength": 0,
    "type": "suggestion",
  },
  {
    "defaultOptionsLength": 0,
    "docs": {
      "recommended": false,
      "requiresTypeChecking": false,
      "ruleId": "R030",
      "ruleNumber": 30,
      "typefestConfigs": [
        "typefest.configs.all",
        "typefest.configs.strict",
      ],
      "url": "https://nick2bad4u.github.io/eslint-plugin-typefest/docs/rules/prefer-ts-extras-object-keys",
    },
    "fixable": "code",
    "hasSuggestions": false,
    "messageIds": [
      "preferTsExtrasObjectKeys",
    ],
    "ruleId": "prefer-ts-extras-object-keys",
    "schemaLength": 0,
    "type": "suggestion",
  },
  {
    "defaultOptionsLength": 0,
    "docs": {
      "recommended": false,
      "requiresTypeChecking": false,
      "ruleId": "R031",
      "ruleNumber": 31,
      "typefestConfigs": [
        "typefest.configs.experimental",
      ],
      "url": "https://nick2bad4u.github.io/eslint-plugin-typefest/docs/rules/prefer-ts-extras-object-map-values",
    },
    "fixable": null,
    "hasSuggestions": false,
    "messageIds": [
      "preferTsExtrasObjectMapValues",
    ],
    "ruleId": "prefer-ts-extras-object-map-values",
    "schemaLength": 0,
    "type": "suggestion",
  },
  {
    "defaultOptionsLength": 0,
    "docs": {
      "recommended": false,
      "requiresTypeChecking": false,
      "ruleId": "R032",
      "ruleNumber": 32,
      "typefestConfigs": [
        "typefest.configs.all",
        "typefest.configs.strict",
      ],
      "url": "https://nick2bad4u.github.io/eslint-plugin-typefest/docs/rules/prefer-ts-extras-object-values",
    },
    "fixable": "code",
    "hasSuggestions": false,
    "messageIds": [
      "preferTsExtrasObjectValues",
    ],
    "ruleId": "prefer-ts-extras-object-values",
    "schemaLength": 0,
    "type": "suggestion",
  },
  {
    "defaultOptionsLength": 0,
    "docs": {
      "recommended": false,
      "requiresTypeChecking": true,
      "ruleId": "R033",
      "ruleNumber": 33,
      "typefestConfigs": [
        "typefest.configs.all",
        "typefest.configs.recommended-type-checked",
        "typefest.configs.strict",
        "typefest.configs.ts-extras/type-guards",
      ],
      "url": "https://nick2bad4u.github.io/eslint-plugin-typefest/docs/rules/prefer-ts-extras-safe-cast-to",
    },
    "fixable": "code",
    "hasSuggestions": false,
    "messageIds": [
      "preferTsExtrasSafeCastTo",
    ],
    "ruleId": "prefer-ts-extras-safe-cast-to",
    "schemaLength": 0,
    "type": "suggestion",
  },
  {
    "defaultOptionsLength": 1,
    "docs": {
      "recommended": false,
      "requiresTypeChecking": true,
      "ruleId": "R034",
      "ruleNumber": 34,
      "typefestConfigs": [
        "typefest.configs.all",
        "typefest.configs.recommended-type-checked",
        "typefest.configs.strict",
        "typefest.configs.ts-extras/type-guards",
      ],
      "url": "https://nick2bad4u.github.io/eslint-plugin-typefest/docs/rules/prefer-ts-extras-set-has",
    },
    "fixable": "code",
    "hasSuggestions": true,
    "messageIds": [
      "preferTsExtrasSetHas",
      "suggestTsExtrasSetHas",
    ],
    "ruleId": "prefer-ts-extras-set-has",
    "schemaLength": 1,
    "type": "suggestion",
  },
  {
    "defaultOptionsLength": 0,
    "docs": {
      "recommended": false,
      "requiresTypeChecking": true,
      "ruleId": "R035",
      "ruleNumber": 35,
      "typefestConfigs": [
        "typefest.configs.all",
        "typefest.configs.strict",
      ],
      "url": "https://nick2bad4u.github.io/eslint-plugin-typefest/docs/rules/prefer-ts-extras-string-split",
    },
    "fixable": "code",
    "hasSuggestions": false,
    "messageIds": [
      "preferTsExtrasStringSplit",
    ],
    "ruleId": "prefer-ts-extras-string-split",
    "schemaLength": 0,
    "type": "suggestion",
  },
  {
    "defaultOptionsLength": 0,
    "docs": {
      "recommended": true,
      "requiresTypeChecking": false,
      "ruleId": "R036",
      "ruleNumber": 36,
      "typefestConfigs": [
        "typefest.configs.all",
        "typefest.configs.recommended",
        "typefest.configs.strict",
        "typefest.configs.type-fest/types",
      ],
      "url": "https://nick2bad4u.github.io/eslint-plugin-typefest/docs/rules/prefer-type-fest-abstract-constructor",
    },
    "fixable": "code",
    "hasSuggestions": false,
    "messageIds": [
      "preferAbstractConstructorSignature",
    ],
    "ruleId": "prefer-type-fest-abstract-constructor",
    "schemaLength": 0,
    "type": "suggestion",
  },
  {
    "defaultOptionsLength": 0,
    "docs": {
      "recommended": true,
      "requiresTypeChecking": false,
      "ruleId": "R037",
      "ruleNumber": 37,
      "typefestConfigs": [
        "typefest.configs.all",
        "typefest.configs.recommended",
        "typefest.configs.strict",
        "typefest.configs.type-fest/types",
      ],
      "url": "https://nick2bad4u.github.io/eslint-plugin-typefest/docs/rules/prefer-type-fest-and-all",
    },
    "fixable": "code",
    "hasSuggestions": false,
    "messageIds": [
      "preferAndAll",
    ],
    "ruleId": "prefer-type-fest-and-all",
    "schemaLength": 0,
    "type": "suggestion",
  },
  {
    "defaultOptionsLength": 0,
    "docs": {
      "recommended": false,
      "requiresTypeChecking": true,
      "ruleId": "R038",
      "ruleNumber": 38,
      "typefestConfigs": [
        "typefest.configs.all",
        "typefest.configs.recommended-type-checked",
        "typefest.configs.strict",
      ],
      "url": "https://nick2bad4u.github.io/eslint-plugin-typefest/docs/rules/prefer-type-fest-array-length",
    },
    "fixable": "code",
    "hasSuggestions": false,
    "messageIds": [
      "preferArrayLength",
    ],
    "ruleId": "prefer-type-fest-array-length",
    "schemaLength": 0,
    "type": "suggestion",
  },
  {
    "defaultOptionsLength": 0,
    "docs": {
      "recommended": true,
      "requiresTypeChecking": false,
      "ruleId": "R039",
      "ruleNumber": 39,
      "typefestConfigs": [
        "typefest.configs.all",
        "typefest.configs.minimal",
        "typefest.configs.recommended",
        "typefest.configs.strict",
        "typefest.configs.type-fest/types",
      ],
      "url": "https://nick2bad4u.github.io/eslint-plugin-typefest/docs/rules/prefer-type-fest-arrayable",
    },
    "fixable": "code",
    "hasSuggestions": false,
    "messageIds": [
      "preferArrayable",
    ],
    "ruleId": "prefer-type-fest-arrayable",
    "schemaLength": 0,
    "type": "suggestion",
  },
  {
    "defaultOptionsLength": 0,
    "docs": {
      "recommended": true,
      "requiresTypeChecking": false,
      "ruleId": "R040",
      "ruleNumber": 40,
      "typefestConfigs": [
        "typefest.configs.all",
        "typefest.configs.recommended",
        "typefest.configs.strict",
        "typefest.configs.type-fest/types",
      ],
      "url": "https://nick2bad4u.github.io/eslint-plugin-typefest/docs/rules/prefer-type-fest-async-return-type",
    },
    "fixable": "code",
    "hasSuggestions": false,
    "messageIds": [
      "preferAsyncReturnType",
    ],
    "ruleId": "prefer-type-fest-async-return-type",
    "schemaLength": 0,
    "type": "suggestion",
  },
  {
    "defaultOptionsLength": 0,
    "docs": {
      "recommended": false,
      "requiresTypeChecking": false,
      "ruleId": "R041",
      "ruleNumber": 41,
      "typefestConfigs": [
        "typefest.configs.experimental",
      ],
      "url": "https://nick2bad4u.github.io/eslint-plugin-typefest/docs/rules/prefer-type-fest-asyncify",
    },
    "fixable": null,
    "hasSuggestions": false,
    "messageIds": [
      "preferAsyncify",
    ],
    "ruleId": "prefer-type-fest-asyncify",
    "schemaLength": 0,
    "type": "suggestion",
  },
  {
    "defaultOptionsLength": 0,
    "docs": {
      "recommended": false,
      "requiresTypeChecking": false,
      "ruleId": "R042",
      "ruleNumber": 42,
      "typefestConfigs": [
        "typefest.configs.experimental",
      ],
      "url": "https://nick2bad4u.github.io/eslint-plugin-typefest/docs/rules/prefer-type-fest-conditional-except",
    },
    "fixable": null,
    "hasSuggestions": false,
    "messageIds": [
      "preferConditionalExcept",
    ],
    "ruleId": "prefer-type-fest-conditional-except",
    "schemaLength": 0,
    "type": "suggestion",
  },
  {
    "defaultOptionsLength": 0,
    "docs": {
      "recommended": false,
      "requiresTypeChecking": false,
      "ruleId": "R043",
      "ruleNumber": 43,
      "typefestConfigs": [
        "typefest.configs.experimental",
      ],
      "url": "https://nick2bad4u.github.io/eslint-plugin-typefest/docs/rules/prefer-type-fest-conditional-keys",
    },
    "fixable": null,
    "hasSuggestions": false,
    "messageIds": [
      "preferConditionalKeys",
    ],
    "ruleId": "prefer-type-fest-conditional-keys",
    "schemaLength": 0,
    "type": "suggestion",
  },
  {
    "defaultOptionsLength": 0,
    "docs": {
      "recommended": true,
      "requiresTypeChecking": false,
      "ruleId": "R044",
      "ruleNumber": 44,
      "typefestConfigs": [
        "typefest.configs.all",
        "typefest.configs.recommended",
        "typefest.configs.strict",
        "typefest.configs.type-fest/types",
      ],
      "url": "https://nick2bad4u.github.io/eslint-plugin-typefest/docs/rules/prefer-type-fest-conditional-pick",
    },
    "fixable": "code",
    "hasSuggestions": false,
    "messageIds": [
      "preferConditionalPick",
    ],
    "ruleId": "prefer-type-fest-conditional-pick",
    "schemaLength": 0,
    "type": "suggestion",
  },
  {
    "defaultOptionsLength": 0,
    "docs": {
      "recommended": true,
      "requiresTypeChecking": false,
      "ruleId": "R045",
      "ruleNumber": 45,
      "typefestConfigs": [
        "typefest.configs.all",
        "typefest.configs.recommended",
        "typefest.configs.strict",
        "typefest.configs.type-fest/types",
      ],
      "url": "https://nick2bad4u.github.io/eslint-plugin-typefest/docs/rules/prefer-type-fest-conditional-pick-deep",
    },
    "fixable": "code",
    "hasSuggestions": false,
    "messageIds": [
      "preferConditionalPickDeep",
    ],
    "ruleId": "prefer-type-fest-conditional-pick-deep",
    "schemaLength": 0,
    "type": "suggestion",
  },
  {
    "defaultOptionsLength": 0,
    "docs": {
      "recommended": true,
      "requiresTypeChecking": false,
      "ruleId": "R046",
      "ruleNumber": 46,
      "typefestConfigs": [
        "typefest.configs.all",
        "typefest.configs.recommended",
        "typefest.configs.strict",
        "typefest.configs.type-fest/types",
      ],
      "url": "https://nick2bad4u.github.io/eslint-plugin-typefest/docs/rules/prefer-type-fest-constructor",
    },
    "fixable": "code",
    "hasSuggestions": false,
    "messageIds": [
      "preferConstructorSignature",
    ],
    "ruleId": "prefer-type-fest-constructor",
    "schemaLength": 0,
    "type": "suggestion",
  },
  {
    "defaultOptionsLength": 0,
    "docs": {
      "recommended": false,
      "requiresTypeChecking": false,
      "ruleId": "R047",
      "ruleNumber": 47,
      "typefestConfigs": [
        "typefest.configs.experimental",
      ],
      "url": "https://nick2bad4u.github.io/eslint-plugin-typefest/docs/rules/prefer-type-fest-distributed-omit",
    },
    "fixable": null,
    "hasSuggestions": false,
    "messageIds": [
      "preferDistributedOmit",
    ],
    "ruleId": "prefer-type-fest-distributed-omit",
    "schemaLength": 0,
    "type": "suggestion",
  },
  {
    "defaultOptionsLength": 0,
    "docs": {
      "recommended": false,
      "requiresTypeChecking": false,
      "ruleId": "R048",
      "ruleNumber": 48,
      "typefestConfigs": [
        "typefest.configs.experimental",
      ],
      "url": "https://nick2bad4u.github.io/eslint-plugin-typefest/docs/rules/prefer-type-fest-distributed-pick",
    },
    "fixable": null,
    "hasSuggestions": false,
    "messageIds": [
      "preferDistributedPick",
    ],
    "ruleId": "prefer-type-fest-distributed-pick",
    "schemaLength": 0,
    "type": "suggestion",
  },
  {
    "defaultOptionsLength": 1,
    "docs": {
      "recommended": true,
      "requiresTypeChecking": false,
      "ruleId": "R049",
      "ruleNumber": 49,
      "typefestConfigs": [
        "typefest.configs.all",
        "typefest.configs.minimal",
        "typefest.configs.recommended",
        "typefest.configs.strict",
        "typefest.configs.type-fest/types",
      ],
      "url": "https://nick2bad4u.github.io/eslint-plugin-typefest/docs/rules/prefer-type-fest-except",
    },
    "fixable": "code",
    "hasSuggestions": false,
    "messageIds": [
      "preferExcept",
    ],
    "ruleId": "prefer-type-fest-except",
    "schemaLength": 1,
    "type": "suggestion",
  },
  {
    "defaultOptionsLength": 0,
    "docs": {
      "recommended": true,
      "requiresTypeChecking": false,
      "ruleId": "R050",
      "ruleNumber": 50,
      "typefestConfigs": [
        "typefest.configs.all",
        "typefest.configs.recommended",
        "typefest.configs.strict",
        "typefest.configs.type-fest/types",
      ],
      "url": "https://nick2bad4u.github.io/eslint-plugin-typefest/docs/rules/prefer-type-fest-if",
    },
    "fixable": "code",
    "hasSuggestions": false,
    "messageIds": [
      "preferTypeFestIf",
    ],
    "ruleId": "prefer-type-fest-if",
    "schemaLength": 0,
    "type": "suggestion",
  },
  {
    "defaultOptionsLength": 0,
    "docs": {
      "recommended": true,
      "requiresTypeChecking": false,
      "ruleId": "R051",
      "ruleNumber": 51,
      "typefestConfigs": [
        "typefest.configs.all",
        "typefest.configs.recommended",
        "typefest.configs.strict",
        "typefest.configs.type-fest/types",
      ],
      "url": "https://nick2bad4u.github.io/eslint-plugin-typefest/docs/rules/prefer-type-fest-iterable-element",
    },
    "fixable": "code",
    "hasSuggestions": false,
    "messageIds": [
      "preferIterableElement",
    ],
    "ruleId": "prefer-type-fest-iterable-element",
    "schemaLength": 0,
    "type": "suggestion",
  },
  {
    "defaultOptionsLength": 0,
    "docs": {
      "recommended": true,
      "requiresTypeChecking": false,
      "ruleId": "R052",
      "ruleNumber": 52,
      "typefestConfigs": [
        "typefest.configs.all",
        "typefest.configs.minimal",
        "typefest.configs.recommended",
        "typefest.configs.strict",
        "typefest.configs.type-fest/types",
      ],
      "url": "https://nick2bad4u.github.io/eslint-plugin-typefest/docs/rules/prefer-type-fest-json-array",
    },
    "fixable": "code",
    "hasSuggestions": false,
    "messageIds": [
      "preferJsonArray",
    ],
    "ruleId": "prefer-type-fest-json-array",
    "schemaLength": 0,
    "type": "suggestion",
  },
  {
    "defaultOptionsLength": 0,
    "docs": {
      "recommended": true,
      "requiresTypeChecking": false,
      "ruleId": "R053",
      "ruleNumber": 53,
      "typefestConfigs": [
        "typefest.configs.all",
        "typefest.configs.minimal",
        "typefest.configs.recommended",
        "typefest.configs.strict",
        "typefest.configs.type-fest/types",
      ],
      "url": "https://nick2bad4u.github.io/eslint-plugin-typefest/docs/rules/prefer-type-fest-json-object",
    },
    "fixable": "code",
    "hasSuggestions": false,
    "messageIds": [
      "preferJsonObject",
    ],
    "ruleId": "prefer-type-fest-json-object",
    "schemaLength": 0,
    "type": "suggestion",
  },
  {
    "defaultOptionsLength": 0,
    "docs": {
      "recommended": true,
      "requiresTypeChecking": false,
      "ruleId": "R054",
      "ruleNumber": 54,
      "typefestConfigs": [
        "typefest.configs.all",
        "typefest.configs.minimal",
        "typefest.configs.recommended",
        "typefest.configs.strict",
        "typefest.configs.type-fest/types",
      ],
      "url": "https://nick2bad4u.github.io/eslint-plugin-typefest/docs/rules/prefer-type-fest-json-primitive",
    },
    "fixable": "code",
    "hasSuggestions": false,
    "messageIds": [
      "preferJsonPrimitive",
    ],
    "ruleId": "prefer-type-fest-json-primitive",
    "schemaLength": 0,
    "type": "suggestion",
  },
  {
    "defaultOptionsLength": 0,
    "docs": {
      "recommended": true,
      "requiresTypeChecking": false,
      "ruleId": "R055",
      "ruleNumber": 55,
      "typefestConfigs": [
        "typefest.configs.all",
        "typefest.configs.minimal",
        "typefest.configs.recommended",
        "typefest.configs.strict",
        "typefest.configs.type-fest/types",
      ],
      "url": "https://nick2bad4u.github.io/eslint-plugin-typefest/docs/rules/prefer-type-fest-json-value",
    },
    "fixable": null,
    "hasSuggestions": true,
    "messageIds": [
      "preferJsonValue",
      "suggestJsonObject",
    ],
    "ruleId": "prefer-type-fest-json-value",
    "schemaLength": 0,
    "type": "suggestion",
  },
  {
    "defaultOptionsLength": 0,
    "docs": {
      "recommended": true,
      "requiresTypeChecking": false,
      "ruleId": "R056",
      "ruleNumber": 56,
      "typefestConfigs": [
        "typefest.configs.all",
        "typefest.configs.recommended",
        "typefest.configs.strict",
        "typefest.configs.type-fest/types",
      ],
      "url": "https://nick2bad4u.github.io/eslint-plugin-typefest/docs/rules/prefer-type-fest-keys-of-union",
    },
    "fixable": "code",
    "hasSuggestions": false,
    "messageIds": [
      "preferKeysOfUnion",
    ],
    "ruleId": "prefer-type-fest-keys-of-union",
    "schemaLength": 0,
    "type": "suggestion",
  },
  {
    "defaultOptionsLength": 0,
    "docs": {
      "recommended": true,
      "requiresTypeChecking": false,
      "ruleId": "R057",
      "ruleNumber": 57,
      "typefestConfigs": [
        "typefest.configs.all",
        "typefest.configs.recommended",
        "typefest.configs.strict",
        "typefest.configs.type-fest/types",
      ],
      "url": "https://nick2bad4u.github.io/eslint-plugin-typefest/docs/rules/prefer-type-fest-less-than",
    },
    "fixable": "code",
    "hasSuggestions": false,
    "messageIds": [
      "preferLessThan",
    ],
    "ruleId": "prefer-type-fest-less-than",
    "schemaLength": 0,
    "type": "suggestion",
  },
  {
    "defaultOptionsLength": 0,
    "docs": {
      "recommended": true,
      "requiresTypeChecking": false,
      "ruleId": "R058",
      "ruleNumber": 58,
      "typefestConfigs": [
        "typefest.configs.all",
        "typefest.configs.recommended",
        "typefest.configs.strict",
        "typefest.configs.type-fest/types",
      ],
      "url": "https://nick2bad4u.github.io/eslint-plugin-typefest/docs/rules/prefer-type-fest-less-than-or-equal",
    },
    "fixable": "code",
    "hasSuggestions": false,
    "messageIds": [
      "preferLessThanOrEqual",
    ],
    "ruleId": "prefer-type-fest-less-than-or-equal",
    "schemaLength": 0,
    "type": "suggestion",
  },
  {
    "defaultOptionsLength": 0,
    "docs": {
      "recommended": true,
      "requiresTypeChecking": false,
      "ruleId": "R059",
      "ruleNumber": 59,
      "typefestConfigs": [
        "typefest.configs.all",
        "typefest.configs.recommended",
        "typefest.configs.strict",
        "typefest.configs.type-fest/types",
      ],
      "url": "https://nick2bad4u.github.io/eslint-plugin-typefest/docs/rules/prefer-type-fest-literal-union",
    },
    "fixable": "code",
    "hasSuggestions": false,
    "messageIds": [
      "preferLiteralUnion",
    ],
    "ruleId": "prefer-type-fest-literal-union",
    "schemaLength": 0,
    "type": "suggestion",
  },
  {
    "defaultOptionsLength": 0,
    "docs": {
      "recommended": false,
      "requiresTypeChecking": false,
      "ruleId": "R060",
      "ruleNumber": 60,
      "typefestConfigs": [
        "typefest.configs.experimental",
      ],
      "url": "https://nick2bad4u.github.io/eslint-plugin-typefest/docs/rules/prefer-type-fest-merge",
    },
    "fixable": null,
    "hasSuggestions": false,
    "messageIds": [
      "preferMerge",
    ],
    "ruleId": "prefer-type-fest-merge",
    "schemaLength": 0,
    "type": "suggestion",
  },
  {
    "defaultOptionsLength": 0,
    "docs": {
      "recommended": true,
      "requiresTypeChecking": false,
      "ruleId": "R061",
      "ruleNumber": 61,
      "typefestConfigs": [
        "typefest.configs.all",
        "typefest.configs.recommended",
        "typefest.configs.strict",
        "typefest.configs.type-fest/types",
      ],
      "url": "https://nick2bad4u.github.io/eslint-plugin-typefest/docs/rules/prefer-type-fest-merge-exclusive",
    },
    "fixable": "code",
    "hasSuggestions": false,
    "messageIds": [
      "preferMergeExclusive",
    ],
    "ruleId": "prefer-type-fest-merge-exclusive",
    "schemaLength": 0,
    "type": "suggestion",
  },
  {
    "defaultOptionsLength": 0,
    "docs": {
      "recommended": true,
      "requiresTypeChecking": false,
      "ruleId": "R062",
      "ruleNumber": 62,
      "typefestConfigs": [
        "typefest.configs.all",
        "typefest.configs.recommended",
        "typefest.configs.strict",
        "typefest.configs.type-fest/types",
      ],
      "url": "https://nick2bad4u.github.io/eslint-plugin-typefest/docs/rules/prefer-type-fest-non-empty-tuple",
    },
    "fixable": "code",
    "hasSuggestions": false,
    "messageIds": [
      "preferNonEmptyTuple",
    ],
    "ruleId": "prefer-type-fest-non-empty-tuple",
    "schemaLength": 0,
    "type": "suggestion",
  },
  {
    "defaultOptionsLength": 0,
    "docs": {
      "recommended": true,
      "requiresTypeChecking": false,
      "ruleId": "R063",
      "ruleNumber": 63,
      "typefestConfigs": [
        "typefest.configs.all",
        "typefest.configs.recommended",
        "typefest.configs.strict",
        "typefest.configs.type-fest/types",
      ],
      "url": "https://nick2bad4u.github.io/eslint-plugin-typefest/docs/rules/prefer-type-fest-omit-index-signature",
    },
    "fixable": "code",
    "hasSuggestions": false,
    "messageIds": [
      "preferOmitIndexSignature",
    ],
    "ruleId": "prefer-type-fest-omit-index-signature",
    "schemaLength": 0,
    "type": "suggestion",
  },
  {
    "defaultOptionsLength": 0,
    "docs": {
      "recommended": true,
      "requiresTypeChecking": false,
      "ruleId": "R064",
      "ruleNumber": 64,
      "typefestConfigs": [
        "typefest.configs.all",
        "typefest.configs.recommended",
        "typefest.configs.strict",
        "typefest.configs.type-fest/types",
      ],
      "url": "https://nick2bad4u.github.io/eslint-plugin-typefest/docs/rules/prefer-type-fest-optional",
    },
    "fixable": "code",
    "hasSuggestions": false,
    "messageIds": [
      "preferOptional",
    ],
    "ruleId": "prefer-type-fest-optional",
    "schemaLength": 0,
    "type": "suggestion",
  },
  {
    "defaultOptionsLength": 0,
    "docs": {
      "recommended": true,
      "requiresTypeChecking": false,
      "ruleId": "R065",
      "ruleNumber": 65,
      "typefestConfigs": [
        "typefest.configs.all",
        "typefest.configs.recommended",
        "typefest.configs.strict",
        "typefest.configs.type-fest/types",
      ],
      "url": "https://nick2bad4u.github.io/eslint-plugin-typefest/docs/rules/prefer-type-fest-or-all",
    },
    "fixable": "code",
    "hasSuggestions": false,
    "messageIds": [
      "preferOrAll",
    ],
    "ruleId": "prefer-type-fest-or-all",
    "schemaLength": 0,
    "type": "suggestion",
  },
  {
    "defaultOptionsLength": 0,
    "docs": {
      "recommended": true,
      "requiresTypeChecking": false,
      "ruleId": "R066",
      "ruleNumber": 66,
      "typefestConfigs": [
        "typefest.configs.all",
        "typefest.configs.recommended",
        "typefest.configs.strict",
        "typefest.configs.type-fest/types",
      ],
      "url": "https://nick2bad4u.github.io/eslint-plugin-typefest/docs/rules/prefer-type-fest-partial-deep",
    },
    "fixable": "code",
    "hasSuggestions": false,
    "messageIds": [
      "preferPartialDeep",
    ],
    "ruleId": "prefer-type-fest-partial-deep",
    "schemaLength": 0,
    "type": "suggestion",
  },
  {
    "defaultOptionsLength": 0,
    "docs": {
      "recommended": false,
      "requiresTypeChecking": false,
      "ruleId": "R067",
      "ruleNumber": 67,
      "typefestConfigs": [
        "typefest.configs.experimental",
      ],
      "url": "https://nick2bad4u.github.io/eslint-plugin-typefest/docs/rules/prefer-type-fest-pick-index-signature",
    },
    "fixable": null,
    "hasSuggestions": false,
    "messageIds": [
      "preferPickIndexSignature",
    ],
    "ruleId": "prefer-type-fest-pick-index-signature",
    "schemaLength": 0,
    "type": "suggestion",
  },
  {
    "defaultOptionsLength": 0,
    "docs": {
      "recommended": true,
      "requiresTypeChecking": false,
      "ruleId": "R068",
      "ruleNumber": 68,
      "typefestConfigs": [
        "typefest.configs.all",
        "typefest.configs.minimal",
        "typefest.configs.recommended",
        "typefest.configs.strict",
        "typefest.configs.type-fest/types",
      ],
      "url": "https://nick2bad4u.github.io/eslint-plugin-typefest/docs/rules/prefer-type-fest-primitive",
    },
    "fixable": "code",
    "hasSuggestions": false,
    "messageIds": [
      "preferPrimitive",
    ],
    "ruleId": "prefer-type-fest-primitive",
    "schemaLength": 0,
    "type": "suggestion",
  },
  {
    "defaultOptionsLength": 1,
    "docs": {
      "recommended": true,
      "requiresTypeChecking": false,
      "ruleId": "R069",
      "ruleNumber": 69,
      "typefestConfigs": [
        "typefest.configs.all",
        "typefest.configs.minimal",
        "typefest.configs.recommended",
        "typefest.configs.strict",
        "typefest.configs.type-fest/types",
      ],
      "url": "https://nick2bad4u.github.io/eslint-plugin-typefest/docs/rules/prefer-type-fest-promisable",
    },
    "fixable": "code",
    "hasSuggestions": false,
    "messageIds": [
      "preferPromisable",
    ],
    "ruleId": "prefer-type-fest-promisable",
    "schemaLength": 1,
    "type": "suggestion",
  },
  {
    "defaultOptionsLength": 0,
    "docs": {
      "recommended": true,
      "requiresTypeChecking": false,
      "ruleId": "R070",
      "ruleNumber": 70,
      "typefestConfigs": [
        "typefest.configs.all",
        "typefest.configs.recommended",
        "typefest.configs.strict",
        "typefest.configs.type-fest/types",
      ],
      "url": "https://nick2bad4u.github.io/eslint-plugin-typefest/docs/rules/prefer-type-fest-readonly-deep",
    },
    "fixable": "code",
    "hasSuggestions": false,
    "messageIds": [
      "preferReadonlyDeep",
    ],
    "ruleId": "prefer-type-fest-readonly-deep",
    "schemaLength": 0,
    "type": "suggestion",
  },
  {
    "defaultOptionsLength": 0,
    "docs": {
      "recommended": true,
      "requiresTypeChecking": false,
      "ruleId": "R071",
      "ruleNumber": 71,
      "typefestConfigs": [
        "typefest.configs.all",
        "typefest.configs.recommended",
        "typefest.configs.strict",
        "typefest.configs.type-fest/types",
      ],
      "url": "https://nick2bad4u.github.io/eslint-plugin-typefest/docs/rules/prefer-type-fest-require-all-or-none",
    },
    "fixable": "code",
    "hasSuggestions": false,
    "messageIds": [
      "preferRequireAllOrNone",
    ],
    "ruleId": "prefer-type-fest-require-all-or-none",
    "schemaLength": 0,
    "type": "suggestion",
  },
  {
    "defaultOptionsLength": 0,
    "docs": {
      "recommended": true,
      "requiresTypeChecking": false,
      "ruleId": "R072",
      "ruleNumber": 72,
      "typefestConfigs": [
        "typefest.configs.all",
        "typefest.configs.recommended",
        "typefest.configs.strict",
        "typefest.configs.type-fest/types",
      ],
      "url": "https://nick2bad4u.github.io/eslint-plugin-typefest/docs/rules/prefer-type-fest-require-at-least-one",
    },
    "fixable": "code",
    "hasSuggestions": false,
    "messageIds": [
      "preferRequireAtLeastOne",
    ],
    "ruleId": "prefer-type-fest-require-at-least-one",
    "schemaLength": 0,
    "type": "suggestion",
  },
  {
    "defaultOptionsLength": 1,
    "docs": {
      "recommended": true,
      "requiresTypeChecking": false,
      "ruleId": "R073",
      "ruleNumber": 73,
      "typefestConfigs": [
        "typefest.configs.all",
        "typefest.configs.recommended",
        "typefest.configs.strict",
        "typefest.configs.type-fest/types",
      ],
      "url": "https://nick2bad4u.github.io/eslint-plugin-typefest/docs/rules/prefer-type-fest-require-exactly-one",
    },
    "fixable": "code",
    "hasSuggestions": false,
    "messageIds": [
      "preferRequireExactlyOne",
    ],
    "ruleId": "prefer-type-fest-require-exactly-one",
    "schemaLength": 1,
    "type": "suggestion",
  },
  {
    "defaultOptionsLength": 0,
    "docs": {
      "recommended": true,
      "requiresTypeChecking": false,
      "ruleId": "R074",
      "ruleNumber": 74,
      "typefestConfigs": [
        "typefest.configs.all",
        "typefest.configs.recommended",
        "typefest.configs.strict",
        "typefest.configs.type-fest/types",
      ],
      "url": "https://nick2bad4u.github.io/eslint-plugin-typefest/docs/rules/prefer-type-fest-require-one-or-none",
    },
    "fixable": "code",
    "hasSuggestions": false,
    "messageIds": [
      "preferRequireOneOrNone",
    ],
    "ruleId": "prefer-type-fest-require-one-or-none",
    "schemaLength": 0,
    "type": "suggestion",
  },
  {
    "defaultOptionsLength": 0,
    "docs": {
      "recommended": true,
      "requiresTypeChecking": false,
      "ruleId": "R075",
      "ruleNumber": 75,
      "typefestConfigs": [
        "typefest.configs.all",
        "typefest.configs.recommended",
        "typefest.configs.strict",
        "typefest.configs.type-fest/types",
      ],
      "url": "https://nick2bad4u.github.io/eslint-plugin-typefest/docs/rules/prefer-type-fest-required-deep",
    },
    "fixable": "code",
    "hasSuggestions": false,
    "messageIds": [
      "preferRequiredDeep",
    ],
    "ruleId": "prefer-type-fest-required-deep",
    "schemaLength": 0,
    "type": "suggestion",
  },
  {
    "defaultOptionsLength": 0,
    "docs": {
      "recommended": true,
      "requiresTypeChecking": false,
      "ruleId": "R076",
      "ruleNumber": 76,
      "typefestConfigs": [
        "typefest.configs.all",
        "typefest.configs.recommended",
        "typefest.configs.strict",
        "typefest.configs.type-fest/types",
      ],
      "url": "https://nick2bad4u.github.io/eslint-plugin-typefest/docs/rules/prefer-type-fest-schema",
    },
    "fixable": "code",
    "hasSuggestions": false,
    "messageIds": [
      "preferSchema",
    ],
    "ruleId": "prefer-type-fest-schema",
    "schemaLength": 0,
    "type": "suggestion",
  },
  {
    "defaultOptionsLength": 0,
    "docs": {
      "recommended": true,
      "requiresTypeChecking": false,
      "ruleId": "R077",
      "ruleNumber": 77,
      "typefestConfigs": [
        "typefest.configs.all",
        "typefest.configs.recommended",
        "typefest.configs.strict",
        "typefest.configs.type-fest/types",
      ],
      "url": "https://nick2bad4u.github.io/eslint-plugin-typefest/docs/rules/prefer-type-fest-set-non-nullable",
    },
    "fixable": "code",
    "hasSuggestions": false,
    "messageIds": [
      "preferSetNonNullable",
    ],
    "ruleId": "prefer-type-fest-set-non-nullable",
    "schemaLength": 0,
    "type": "suggestion",
  },
  {
    "defaultOptionsLength": 0,
    "docs": {
      "recommended": true,
      "requiresTypeChecking": false,
      "ruleId": "R078",
      "ruleNumber": 78,
      "typefestConfigs": [
        "typefest.configs.all",
        "typefest.configs.recommended",
        "typefest.configs.strict",
        "typefest.configs.type-fest/types",
      ],
      "url": "https://nick2bad4u.github.io/eslint-plugin-typefest/docs/rules/prefer-type-fest-set-optional",
    },
    "fixable": "code",
    "hasSuggestions": false,
    "messageIds": [
      "preferSetOptional",
    ],
    "ruleId": "prefer-type-fest-set-optional",
    "schemaLength": 0,
    "type": "suggestion",
  },
  {
    "defaultOptionsLength": 0,
    "docs": {
      "recommended": true,
      "requiresTypeChecking": false,
      "ruleId": "R079",
      "ruleNumber": 79,
      "typefestConfigs": [
        "typefest.configs.all",
        "typefest.configs.recommended",
        "typefest.configs.strict",
        "typefest.configs.type-fest/types",
      ],
      "url": "https://nick2bad4u.github.io/eslint-plugin-typefest/docs/rules/prefer-type-fest-set-readonly",
    },
    "fixable": "code",
    "hasSuggestions": false,
    "messageIds": [
      "preferSetReadonly",
    ],
    "ruleId": "prefer-type-fest-set-readonly",
    "schemaLength": 0,
    "type": "suggestion",
  },
  {
    "defaultOptionsLength": 0,
    "docs": {
      "recommended": true,
      "requiresTypeChecking": false,
      "ruleId": "R080",
      "ruleNumber": 80,
      "typefestConfigs": [
        "typefest.configs.all",
        "typefest.configs.recommended",
        "typefest.configs.strict",
        "typefest.configs.type-fest/types",
      ],
      "url": "https://nick2bad4u.github.io/eslint-plugin-typefest/docs/rules/prefer-type-fest-set-required",
    },
    "fixable": "code",
    "hasSuggestions": false,
    "messageIds": [
      "preferSetRequired",
    ],
    "ruleId": "prefer-type-fest-set-required",
    "schemaLength": 0,
    "type": "suggestion",
  },
  {
    "defaultOptionsLength": 0,
    "docs": {
      "recommended": false,
      "requiresTypeChecking": false,
      "ruleId": "R081",
      "ruleNumber": 81,
      "typefestConfigs": [
        "typefest.configs.experimental",
      ],
      "url": "https://nick2bad4u.github.io/eslint-plugin-typefest/docs/rules/prefer-type-fest-set-return-type",
    },
    "fixable": null,
    "hasSuggestions": false,
    "messageIds": [
      "preferSetReturnType",
    ],
    "ruleId": "prefer-type-fest-set-return-type",
    "schemaLength": 0,
    "type": "suggestion",
  },
  {
    "defaultOptionsLength": 0,
    "docs": {
      "recommended": true,
      "requiresTypeChecking": false,
      "ruleId": "R082",
      "ruleNumber": 82,
      "typefestConfigs": [
        "typefest.configs.all",
        "typefest.configs.recommended",
        "typefest.configs.strict",
        "typefest.configs.type-fest/types",
      ],
      "url": "https://nick2bad4u.github.io/eslint-plugin-typefest/docs/rules/prefer-type-fest-simplify",
    },
    "fixable": "code",
    "hasSuggestions": false,
    "messageIds": [
      "preferSimplify",
    ],
    "ruleId": "prefer-type-fest-simplify",
    "schemaLength": 0,
    "type": "suggestion",
  },
  {
    "defaultOptionsLength": 0,
    "docs": {
      "recommended": false,
      "requiresTypeChecking": false,
      "ruleId": "R083",
      "ruleNumber": 83,
      "typefestConfigs": [
        "typefest.configs.experimental",
      ],
      "url": "https://nick2bad4u.github.io/eslint-plugin-typefest/docs/rules/prefer-type-fest-stringified",
    },
    "fixable": null,
    "hasSuggestions": false,
    "messageIds": [
      "preferStringified",
    ],
    "ruleId": "prefer-type-fest-stringified",
    "schemaLength": 0,
    "type": "suggestion",
  },
  {
    "defaultOptionsLength": 1,
    "docs": {
      "recommended": true,
      "requiresTypeChecking": false,
      "ruleId": "R084",
      "ruleNumber": 84,
      "typefestConfigs": [
        "typefest.configs.all",
        "typefest.configs.recommended",
        "typefest.configs.strict",
        "typefest.configs.type-fest/types",
      ],
      "url": "https://nick2bad4u.github.io/eslint-plugin-typefest/docs/rules/prefer-type-fest-tagged-brands",
    },
    "fixable": "code",
    "hasSuggestions": false,
    "messageIds": [
      "preferTaggedAlias",
      "preferTaggedBrand",
    ],
    "ruleId": "prefer-type-fest-tagged-brands",
    "schemaLength": 1,
    "type": "suggestion",
  },
  {
    "defaultOptionsLength": 1,
    "docs": {
      "recommended": true,
      "requiresTypeChecking": false,
      "ruleId": "R085",
      "ruleNumber": 85,
      "typefestConfigs": [
        "typefest.configs.all",
        "typefest.configs.recommended",
        "typefest.configs.strict",
        "typefest.configs.type-fest/types",
      ],
      "url": "https://nick2bad4u.github.io/eslint-plugin-typefest/docs/rules/prefer-type-fest-tuple-of",
    },
    "fixable": "code",
    "hasSuggestions": false,
    "messageIds": [
      "preferTupleOf",
    ],
    "ruleId": "prefer-type-fest-tuple-of",
    "schemaLength": 1,
    "type": "suggestion",
  },
  {
    "defaultOptionsLength": 0,
    "docs": {
      "recommended": true,
      "requiresTypeChecking": false,
      "ruleId": "R086",
      "ruleNumber": 86,
      "typefestConfigs": [
        "typefest.configs.all",
        "typefest.configs.recommended",
        "typefest.configs.strict",
        "typefest.configs.type-fest/types",
      ],
      "url": "https://nick2bad4u.github.io/eslint-plugin-typefest/docs/rules/prefer-type-fest-union-member",
    },
    "fixable": "code",
    "hasSuggestions": false,
    "messageIds": [
      "preferUnionMember",
    ],
    "ruleId": "prefer-type-fest-union-member",
    "schemaLength": 0,
    "type": "suggestion",
  },
  {
    "defaultOptionsLength": 0,
    "docs": {
      "recommended": false,
      "requiresTypeChecking": false,
      "ruleId": "R087",
      "ruleNumber": 87,
      "typefestConfigs": [
        "typefest.configs.experimental",
      ],
      "url": "https://nick2bad4u.github.io/eslint-plugin-typefest/docs/rules/prefer-type-fest-union-to-intersection",
    },
    "fixable": null,
    "hasSuggestions": false,
    "messageIds": [
      "preferUnionToIntersection",
    ],
    "ruleId": "prefer-type-fest-union-to-intersection",
    "schemaLength": 0,
    "type": "suggestion",
  },
  {
    "defaultOptionsLength": 0,
    "docs": {
      "recommended": true,
      "requiresTypeChecking": false,
      "ruleId": "R088",
      "ruleNumber": 88,
      "typefestConfigs": [
        "typefest.configs.all",
        "typefest.configs.recommended",
        "typefest.configs.strict",
        "typefest.configs.type-fest/types",
      ],
      "url": "https://nick2bad4u.github.io/eslint-plugin-typefest/docs/rules/prefer-type-fest-union-to-tuple",
    },
    "fixable": "code",
    "hasSuggestions": false,
    "messageIds": [
      "preferUnionToTuple",
    ],
    "ruleId": "prefer-type-fest-union-to-tuple",
    "schemaLength": 0,
    "type": "suggestion",
  },
  {
    "defaultOptionsLength": 0,
    "docs": {
      "recommended": true,
      "requiresTypeChecking": false,
      "ruleId": "R089",
      "ruleNumber": 89,
      "typefestConfigs": [
        "typefest.configs.all",
        "typefest.configs.recommended",
        "typefest.configs.strict",
        "typefest.configs.type-fest/types",
      ],
      "url": "https://nick2bad4u.github.io/eslint-plugin-typefest/docs/rules/prefer-type-fest-unknown-array",
    },
    "fixable": "code",
    "hasSuggestions": false,
    "messageIds": [
      "preferUnknownArray",
    ],
    "ruleId": "prefer-type-fest-unknown-array",
    "schemaLength": 0,
    "type": "suggestion",
  },
  {
    "defaultOptionsLength": 0,
    "docs": {
      "recommended": true,
      "requiresTypeChecking": false,
      "ruleId": "R090",
      "ruleNumber": 90,
      "typefestConfigs": [
        "typefest.configs.all",
        "typefest.configs.recommended",
        "typefest.configs.strict",
        "typefest.configs.type-fest/types",
      ],
      "url": "https://nick2bad4u.github.io/eslint-plugin-typefest/docs/rules/prefer-type-fest-unknown-map",
    },
    "fixable": "code",
    "hasSuggestions": false,
    "messageIds": [
      "preferUnknownMap",
    ],
    "ruleId": "prefer-type-fest-unknown-map",
    "schemaLength": 0,
    "type": "suggestion",
  },
  {
    "defaultOptionsLength": 0,
    "docs": {
      "recommended": true,
      "requiresTypeChecking": false,
      "ruleId": "R091",
      "ruleNumber": 91,
      "typefestConfigs": [
        "typefest.configs.all",
        "typefest.configs.minimal",
        "typefest.configs.recommended",
        "typefest.configs.strict",
        "typefest.configs.type-fest/types",
      ],
      "url": "https://nick2bad4u.github.io/eslint-plugin-typefest/docs/rules/prefer-type-fest-unknown-record",
    },
    "fixable": "code",
    "hasSuggestions": false,
    "messageIds": [
      "preferUnknownRecord",
    ],
    "ruleId": "prefer-type-fest-unknown-record",
    "schemaLength": 0,
    "type": "suggestion",
  },
  {
    "defaultOptionsLength": 0,
    "docs": {
      "recommended": true,
      "requiresTypeChecking": false,
      "ruleId": "R092",
      "ruleNumber": 92,
      "typefestConfigs": [
        "typefest.configs.all",
        "typefest.configs.recommended",
        "typefest.configs.strict",
        "typefest.configs.type-fest/types",
      ],
      "url": "https://nick2bad4u.github.io/eslint-plugin-typefest/docs/rules/prefer-type-fest-unknown-set",
    },
    "fixable": "code",
    "hasSuggestions": false,
    "messageIds": [
      "preferUnknownSet",
    ],
    "ruleId": "prefer-type-fest-unknown-set",
    "schemaLength": 0,
    "type": "suggestion",
  },
  {
    "defaultOptionsLength": 0,
    "docs": {
      "recommended": true,
      "requiresTypeChecking": false,
      "ruleId": "R093",
      "ruleNumber": 93,
      "typefestConfigs": [
        "typefest.configs.all",
        "typefest.configs.recommended",
        "typefest.configs.strict",
        "typefest.configs.type-fest/types",
      ],
      "url": "https://nick2bad4u.github.io/eslint-plugin-typefest/docs/rules/prefer-type-fest-unwrap-tagged",
    },
    "fixable": "code",
    "hasSuggestions": false,
    "messageIds": [
      "preferUnwrapTagged",
    ],
    "ruleId": "prefer-type-fest-unwrap-tagged",
    "schemaLength": 0,
    "type": "suggestion",
  },
  {
    "defaultOptionsLength": 0,
    "docs": {
      "recommended": true,
      "requiresTypeChecking": false,
      "ruleId": "R094",
      "ruleNumber": 94,
      "typefestConfigs": [
        "typefest.configs.all",
        "typefest.configs.recommended",
        "typefest.configs.strict",
        "typefest.configs.type-fest/types",
      ],
      "url": "https://nick2bad4u.github.io/eslint-plugin-typefest/docs/rules/prefer-type-fest-value-of",
    },
    "fixable": "code",
    "hasSuggestions": false,
    "messageIds": [
      "preferValueOf",
    ],
    "ruleId": "prefer-type-fest-value-of",
    "schemaLength": 0,
    "type": "suggestion",
  },
  {
    "defaultOptionsLength": 0,
    "docs": {
      "recommended": true,
      "requiresTypeChecking": false,
      "ruleId": "R095",
      "ruleNumber": 95,
      "typefestConfigs": [
        "typefest.configs.all",
        "typefest.configs.recommended",
        "typefest.configs.strict",
        "typefest.configs.type-fest/types",
      ],
      "url": "https://nick2bad4u.github.io/eslint-plugin-typefest/docs/rules/prefer-type-fest-writable",
    },
    "fixable": "code",
    "hasSuggestions": false,
    "messageIds": [
      "preferWritable",
      "preferWritableAlias",
    ],
    "ruleId": "prefer-type-fest-writable",
    "schemaLength": 0,
    "type": "suggestion",
  },
  {
    "defaultOptionsLength": 0,
    "docs": {
      "recommended": true,
      "requiresTypeChecking": false,
      "ruleId": "R096",
      "ruleNumber": 96,
      "typefestConfigs": [
        "typefest.configs.all",
        "typefest.configs.recommended",
        "typefest.configs.strict",
        "typefest.configs.type-fest/types",
      ],
      "url": "https://nick2bad4u.github.io/eslint-plugin-typefest/docs/rules/prefer-type-fest-writable-deep",
    },
    "fixable": "code",
    "hasSuggestions": false,
    "messageIds": [
      "preferWritableDeep",
    ],
    "ruleId": "prefer-type-fest-writable-deep",
    "schemaLength": 0,
    "type": "suggestion",
  },
]
`;
